Archive member included because of file (symbol)

C:\Program Files (x86)\VEX Robotics\VEXcode\sdk/vexv5\libv5rt.a(v5_startup.c.obj)
                              (vexStartup)
C:\Program Files (x86)\VEX Robotics\VEXcode\sdk/vexv5\libv5rt.a(v5_util.c.obj)
                              C:\Program Files (x86)\VEX Robotics\VEXcode\sdk/vexv5\libv5rt.a(v5_startup.c.obj) (vexStdlibVersionLinked)
C:\Program Files (x86)\VEX Robotics\VEXcode\sdk/vexv5\libv5rt.a(v5_apijump.c.obj)
                              C:\Program Files (x86)\VEX Robotics\VEXcode\sdk/vexv5\libv5rt.a(v5_startup.c.obj) (vexPrivateApiEnable)
C:\Program Files (x86)\VEX Robotics\VEXcode\sdk/vexv5\libv5rt.a(v5_apiversions.c.obj)
                              C:\Program Files (x86)\VEX Robotics\VEXcode\sdk/vexv5\libv5rt.a(v5_apijump.c.obj) (vexSystemVersion)
C:\Program Files (x86)\VEX Robotics\VEXcode\sdk/vexv5\libv5rt.a(vex_global.cpp.obj)
                              build/src/main.o (vex::PORT10)
C:\Program Files (x86)\VEX Robotics\VEXcode\sdk/vexv5\libv5rt.a(vex_motor.cpp.obj)
                              build/src/main.o (vex::motor::~motor())
C:\Program Files (x86)\VEX Robotics\VEXcode\sdk/vexv5\libv5rt.a(vex_task.cpp.obj)
                              build/src/main.o (vex::task::sleep(unsigned long))
C:\Program Files (x86)\VEX Robotics\VEXcode\sdk/vexv5\libv5rt.a(vex_brain.cpp.obj)
                              build/src/main.o (vex::brain::~brain())
C:\Program Files (x86)\VEX Robotics\VEXcode\sdk/vexv5\libv5rt.a(vex_triport.cpp.obj)
                              C:\Program Files (x86)\VEX Robotics\VEXcode\sdk/vexv5\libv5rt.a(vex_brain.cpp.obj) (vex::triport::~triport())
C:\Program Files (x86)\VEX Robotics\VEXcode\sdk/vexv5\libv5rt.a(vex_color.cpp.obj)
                              C:\Program Files (x86)\VEX Robotics\VEXcode\sdk/vexv5\libv5rt.a(vex_brain.cpp.obj) (vex::color::operator unsigned long() const)
C:\Program Files (x86)\VEX Robotics\VEXcode\sdk/vexv5\libv5rt.a(vex_timer.cpp.obj)
                              C:\Program Files (x86)\VEX Robotics\VEXcode\sdk/vexv5\libv5rt.a(vex_brain.cpp.obj) (vex::timer::~timer())
C:\Program Files (x86)\VEX Robotics\VEXcode\sdk/vexv5\libv5rt.a(vex_drivetrain.cpp.obj)
                              build/src/main.o (vex::drivetrain::~drivetrain())
C:\Program Files (x86)\VEX Robotics\VEXcode\sdk/vexv5\libv5rt.a(v5_apiuser.c.obj)
                              C:\Program Files (x86)\VEX Robotics\VEXcode\sdk/vexv5\libv5rt.a(vex_triport.cpp.obj) (vexAdiPortConfigSet)
C:\Program Files (x86)\VEX Robotics\VEXcode\sdk/vexv5\libv5rt.a(vex_device.cpp.obj)
                              C:\Program Files (x86)\VEX Robotics\VEXcode\sdk/vexv5\libv5rt.a(vex_triport.cpp.obj) (vex::device::value())
C:\Program Files (x86)\VEX Robotics\VEXcode\sdk/vexv5\libv5rt.a(vex_thread.cpp.obj)
                              C:\Program Files (x86)\VEX Robotics\VEXcode\sdk/vexv5\libv5rt.a(vex_drivetrain.cpp.obj) (vex::this_thread::sleep_for(unsigned long))
C:\Program Files (x86)\VEX Robotics\VEXcode\sdk/vexv5\libv5rt.a(vex_event.cpp.obj)
                              C:\Program Files (x86)\VEX Robotics\VEXcode\sdk/vexv5\libv5rt.a(vex_brain.cpp.obj) (vex::event::init(unsigned long, unsigned long, void (*)()))
C:\Program Files (x86)\VEX Robotics\VEXcode\sdk/vexv5\libv5rt.a(vex_mevent.cpp.obj)
                              C:\Program Files (x86)\VEX Robotics\VEXcode\sdk/vexv5\libv5rt.a(vex_brain.cpp.obj) (vex::mevent::mevent(unsigned long, unsigned long))
C:\Program Files (x86)\VEX Robotics\VEXcode\sdk/vexv5\libv5rt.a(vex_motorgroup.cpp.obj)
                              C:\Program Files (x86)\VEX Robotics\VEXcode\sdk/vexv5\libv5rt.a(vex_drivetrain.cpp.obj) (vex::motor_group::motor_group())
C:\Program Files (x86)\VEX Robotics\VEXcode\sdk/vexv5/gcc/libs\libc.a(lib_a-fini.o)
                              C:\Program Files (x86)\VEX Robotics\VEXcode\sdk/vexv5\libv5rt.a(v5_startup.c.obj) (__libc_fini_array)
C:\Program Files (x86)\VEX Robotics\VEXcode\sdk/vexv5/gcc/libs\libc.a(lib_a-impure.o)
                              C:\Program Files (x86)\VEX Robotics\VEXcode\sdk/vexv5\libv5rt.a(v5_startup.c.obj) (_impure_ptr)
C:\Program Files (x86)\VEX Robotics\VEXcode\sdk/vexv5/gcc/libs\libc.a(lib_a-init.o)
                              C:\Program Files (x86)\VEX Robotics\VEXcode\sdk/vexv5\libv5rt.a(v5_startup.c.obj) (__libc_init_array)
C:\Program Files (x86)\VEX Robotics\VEXcode\sdk/vexv5/gcc/libs\libc.a(lib_a-memcpy.o)
                              C:\Program Files (x86)\VEX Robotics\VEXcode\sdk/vexv5\libv5rt.a(vex_drivetrain.cpp.obj) (memcpy)
C:\Program Files (x86)\VEX Robotics\VEXcode\sdk/vexv5/gcc/libs\libc.a(lib_a-tolower.o)
                              C:\Program Files (x86)\VEX Robotics\VEXcode\sdk/vexv5\libv5rt.a(vex_brain.cpp.obj) (tolower)
C:\Program Files (x86)\VEX Robotics\VEXcode\sdk/vexv5/gcc/libs\libc.a(lib_a-ctype_.o)
[...]
Memory Configuration

Name             Origin             Length             Attributes
ps7_ddr_0_S_AXI_BASEADDR 0x03800000         0x04800000
*default*        0x00000000         0xffffffff

Linker script and memory map

                0x00002000                _STACK_SIZE = DEFINED (_STACK_SIZE)?_STACK_SIZE:0x2000
                0x00100000                _HEAP_SIZE = DEFINED (_HEAP_SIZE)?_HEAP_SIZE:0x100000
                0x00000400                _ABORT_STACK_SIZE = DEFINED (_ABORT_STACK_SIZE)?_ABORT_STACK_SIZE:0x400
                0x00000800                _SUPERVISOR_STACK_SIZE = DEFINED (_SUPERVISOR_STACK_SIZE)?_SUPERVISOR_STACK_SIZE:0x800
                0x00000400                _IRQ_STACK_SIZE = DEFINED (_IRQ_STACK_SIZE)?_IRQ_STACK_SIZE:0x400
                0x00000400                _FIQ_STACK_SIZE = DEFINED (_FIQ_STACK_SIZE)?_FIQ_STACK_SIZE:0x400
                0x00000400                _UNDEF_STACK_SIZE = DEFINED (_UNDEF_STACK_SIZE)?_UNDEF_STACK_SIZE:0x400

.text           0x03800000     0x2730
 *(.vectors)
 *(.boot_data)
 .boot_data     0x03800000       0x20 C:\Program Files (x86)\VEX Robotics\VEXcode\sdk/vexv5\libv5rt.a(v5_startup.c.obj)
                0x03800000                vexCodeSig
                0x00000020                . = 0x20
 *(.boot)
 .boot          0x03800020       0xbc C:\Program Files (x86)\VEX Robotics\VEXcode\sdk/vexv5\libv5rt.a(v5_startup.c.obj)
                0x03800020                vexStartup
                0x03800100                . = ALIGN (0x40)
 *fill*         0x038000dc       0x24 
 *(.freertos_vectors)
 *(.text)
 *(.text.*)
 .text._Z9draw_gridv
                0x03800100       0x7c build/src/main.o
                0x03800100                draw_grid()
 .text._Z10draw_touchv
                0x0380017c       0x50 build/src/main.o
                0x0380017c                draw_touch()
 *fill*         0x038001cc        0x4 
 .text.main     0x038001d0      0x238 build/src/main.o
                0x038001d0                main
 .text._GLOBAL__sub_I_main.cpp
                0x03800408      0x104 build/src/main.o
 .text.vexMain  0x0380050c       0xb0 C:\Program Files (x86)\VEX Robotics\VEXcode\sdk/vexv5\libv5rt.a(v5_startup.c.obj)
                0x0380050c                vexMain
 .text.__vex_function_prolog
                0x038005bc       0x18 C:\Program Files (x86)\VEX Robotics\VEXcode\sdk/vexv5\libv5rt.a(v5_startup.c.obj)
                0x038005bc                __vex_function_prolog
 .text._init    0x038005d4        0x4 C:\Program Files (x86)\VEX Robotics\VEXcode\sdk/vexv5\libv5rt.a(v5_startup.c.obj)
                0x038005d4                _init
 .text._fini    0x038005d8        0x4 C:\Program Files (x86)\VEX Robotics\VEXcode\sdk/vexv5\libv5rt.a(v5_startup.c.obj)
                0x038005d8                _fini
 .text.vexStdlibVersionLinked
                0x038005dc        0xc C:\Program Files (x86)\VEX Robotics\VEXcode\sdk/vexv5\libv5rt.a(v5_util.c.obj)
                0x038005dc                vexStdlibVersionLinked
 .text.vexStdlibVersionVerify
                0x038005e8       0x30 C:\Program Files (x86)\VEX Robotics\VEXcode\sdk/vexv5\libv5rt.a(v5_util.c.obj)
                0x038005e8                vexStdlibVersionVerify
 .text.vexPrivateApiEnable
                0x03800618       0x10 C:\Program Files (x86)\VEX Robotics\VEXcode\sdk/vexv5\libv5rt.a(v5_apijump.c.obj)
                0x03800618                vexPrivateApiEnable
 .text.vexStdlibMismatchError
                0x03800628       0x3c C:\Program Files (x86)\VEX Robotics\VEXcode\sdk/vexv5\libv5rt.a(v5_apijump.c.obj)
                0x03800628                vexStdlibMismatchError
 .text.vexTaskAdd
                0x03800664       0x10 C:\Program Files (x86)\VEX Robotics\VEXcode\sdk/vexv5\libv5rt.a(v5_apijump.c.obj)
                0x03800664                vexTaskAdd
 .text.vexTasksRun
                0x03800674       0x10 C:\Program Files (x86)\VEX Robotics\VEXcode\sdk/vexv5\libv5rt.a(v5_apijump.c.obj)
                0x03800674                vexTasksRun
 .text.vexTaskCheckTimeslice
                0x03800684       0x10 C:\Program Files (x86)\VEX Robotics\VEXcode\sdk/vexv5\libv5rt.a(v5_apijump.c.obj)
                0x03800684                vexTaskCheckTimeslice
 .text.vexTaskSleep
                0x03800694       0x10 C:\Program Files (x86)\VEX Robotics\VEXcode\sdk/vexv5\libv5rt.a(v5_apijump.c.obj)
                0x03800694                vexTaskSleep
 .text.vexTasksDump
                0x038006a4       0x1c C:\Program Files (x86)\VEX Robotics\VEXcode\sdk/vexv5\libv5rt.a(v5_apijump.c.obj)
                0x038006a4                vexTasksDump
 .text.vexTaskGetTaskIndex
                0x038006c0       0x10 C:\Program Files (x86)\VEX Robotics\VEXcode\sdk/vexv5\libv5rt.a(v5_apijump.c.obj)
                0x038006c0                vexTaskGetTaskIndex
 .text.vexTaskStopAll
                0x038006d0       0x10 C:\Program Files (x86)\VEX Robotics\VEXcode\sdk/vexv5\libv5rt.a(v5_apijump.c.obj)
                0x038006d0                vexTaskStopAll
 .text.vexTaskCompletionIdSet
                0x038006e0       0x10 C:\Program Files (x86)\VEX Robotics\VEXcode\sdk/vexv5\libv5rt.a(v5_apijump.c.obj)
                0x038006e0                vexTaskCompletionIdSet
 .text.vexCriticalSection
                0x038006f0       0x2c C:\Program Files (x86)\VEX Robotics\VEXcode\sdk/vexv5\libv5rt.a(v5_apijump.c.obj)
                0x038006f0                vexCriticalSection
 .text.vexEventAdd
                0x0380071c       0x34 C:\Program Files (x86)\VEX Robotics\VEXcode\sdk/vexv5\libv5rt.a(v5_apijump.c.obj)
                0x0380071c                vexEventAdd
 .text.vexEventUserIndexGet
                0x03800750       0x1c C:\Program Files (x86)\VEX Robotics\VEXcode\sdk/vexv5\libv5rt.a(v5_apijump.c.obj)
                0x03800750                vexEventUserIndexGet
 .text.vexDebug
                0x0380076c       0x38 C:\Program Files (x86)\VEX Robotics\VEXcode\sdk/vexv5\libv5rt.a(v5_apijump.c.obj)
                0x0380076c                vexDebug
 .text.vexSystemTimeGet
                0x038007a4       0x1c C:\Program Files (x86)\VEX Robotics\VEXcode\sdk/vexv5\libv5rt.a(v5_apijump.c.obj)
                0x038007a4                vexSystemTimeGet
 .text.vexSystemExitRequest
                0x038007c0       0x1c C:\Program Files (x86)\VEX Robotics\VEXcode\sdk/vexv5\libv5rt.a(v5_apijump.c.obj)
                0x038007c0                vexSystemExitRequest
 .text.vexDeviceGetByIndex
                0x038007dc       0x24 C:\Program Files (x86)\VEX Robotics\VEXcode\sdk/vexv5\libv5rt.a(v5_apijump.c.obj)
                0x038007dc                vexDeviceGetByIndex
 .text.vexDeviceAdiPortConfigSet
                0x03800800       0x34 C:\Program Files (x86)\VEX Robotics\VEXcode\sdk/vexv5\libv5rt.a(v5_apijump.c.obj)
                0x03800800                vexDeviceAdiPortConfigSet
 .text.vexDeviceMotorVelocitySet
                0x03800834       0x2c C:\Program Files (x86)\VEX Robotics\VEXcode\sdk/vexv5\libv5rt.a(v5_apijump.c.obj)
                0x03800834                vexDeviceMotorVelocitySet
 .text.vexDeviceMotorActualVelocityGet
                0x03800860       0x24 C:\Program Files (x86)\VEX Robotics\VEXcode\sdk/vexv5\libv5rt.a(v5_apijump.c.obj)
                0x03800860                vexDeviceMotorActualVelocityGet
 .text.vexDeviceMotorZeroPositionFlagGet
                0x03800884       0x24 C:\Program Files (x86)\VEX Robotics\VEXcode\sdk/vexv5\libv5rt.a(v5_apijump.c.obj)
                0x03800884                vexDeviceMotorZeroPositionFlagGet
 .text.vexDeviceMotorReverseFlagSet
                0x038008a8       0x2c C:\Program Files (x86)\VEX Robotics\VEXcode\sdk/vexv5\libv5rt.a(v5_apijump.c.obj)
                0x038008a8                vexDeviceMotorReverseFlagSet
 .text.vexDeviceMotorEncoderUnitsSet
                0x038008d4       0x2c C:\Program Files (x86)\VEX Robotics\VEXcode\sdk/vexv5\libv5rt.a(v5_apijump.c.obj)
                0x038008d4                vexDeviceMotorEncoderUnitsSet
 .text.vexDeviceMotorBrakeModeSet
                0x03800900       0x2c C:\Program Files (x86)\VEX Robotics\VEXcode\sdk/vexv5\libv5rt.a(v5_apijump.c.obj)
                0x03800900                vexDeviceMotorBrakeModeSet
 .text.vexDeviceMotorPositionSet
                0x0380092c       0x34 C:\Program Files (x86)\VEX Robotics\VEXcode\sdk/vexv5\libv5rt.a(v5_apijump.c.obj)
                0x0380092c                vexDeviceMotorPositionSet
 .text.vexDeviceMotorRelativeTargetSet
                0x03800960       0x3c C:\Program Files (x86)\VEX Robotics\VEXcode\sdk/vexv5\libv5rt.a(v5_apijump.c.obj)
                0x03800960                vexDeviceMotorRelativeTargetSet
 .text.vexDeviceMotorGearingGet
                0x0380099c       0x24 C:\Program Files (x86)\VEX Robotics\VEXcode\sdk/vexv5\libv5rt.a(v5_apijump.c.obj)
                0x0380099c                vexDeviceMotorGearingGet
 .text.vexDisplayForegroundColor
                0x038009c0       0x24 C:\Program Files (x86)\VEX Robotics\VEXcode\sdk/vexv5\libv5rt.a(v5_apijump.c.obj)
                0x038009c0                vexDisplayForegroundColor
 .text.vexDisplayBackgroundColor
                0x038009e4       0x24 C:\Program Files (x86)\VEX Robotics\VEXcode\sdk/vexv5\libv5rt.a(v5_apijump.c.obj)
                0x038009e4                vexDisplayBackgroundColor
 .text.vexDisplayBackgroundColorGet
                0x03800a08       0x1c C:\Program Files (x86)\VEX Robotics\VEXcode\sdk/vexv5\libv5rt.a(v5_apijump.c.obj)
                0x03800a08                vexDisplayBackgroundColorGet
 .text.vexDisplayPixelSet
                0x03800a24       0x38 C:\Program Files (x86)\VEX Robotics\VEXcode\sdk/vexv5\libv5rt.a(v5_apijump.c.obj)
                0x03800a24                vexDisplayPixelSet
 .text.vexDisplayLineDraw
                0x03800a5c       0x4c C:\Program Files (x86)\VEX Robotics\VEXcode\sdk/vexv5\libv5rt.a(v5_apijump.c.obj)
                0x03800a5c                vexDisplayLineDraw
 .text.vexDisplayRectClear
                0x03800aa8       0x4c C:\Program Files (x86)\VEX Robotics\VEXcode\sdk/vexv5\libv5rt.a(v5_apijump.c.obj)
                0x03800aa8                vexDisplayRectClear
 .text.vexDisplayCircleDraw
                0x03800af4       0x40 C:\Program Files (x86)\VEX Robotics\VEXcode\sdk/vexv5\libv5rt.a(v5_apijump.c.obj)
                0x03800af4                vexDisplayCircleDraw
 .text.vexDisplayCircleClear
                0x03800b34       0x40 C:\Program Files (x86)\VEX Robotics\VEXcode\sdk/vexv5\libv5rt.a(v5_apijump.c.obj)
                0x03800b34                vexDisplayCircleClear
 .text.vexDisplayTextReference
                0x03800b74       0x24 C:\Program Files (x86)\VEX Robotics\VEXcode\sdk/vexv5\libv5rt.a(v5_apijump.c.obj)
                0x03800b74                vexDisplayTextReference
 .text.vexDisplayTextSize
                0x03800b98       0x2c C:\Program Files (x86)\VEX Robotics\VEXcode\sdk/vexv5\libv5rt.a(v5_apijump.c.obj)
                0x03800b98                vexDisplayTextSize
 .text.vexDisplayFontNamedSet
                0x03800bc4       0x24 C:\Program Files (x86)\VEX Robotics\VEXcode\sdk/vexv5\libv5rt.a(v5_apijump.c.obj)
                0x03800bc4                vexDisplayFontNamedSet
 .text.vexDisplayPenSizeGet
                0x03800be8       0x1c C:\Program Files (x86)\VEX Robotics\VEXcode\sdk/vexv5\libv5rt.a(v5_apijump.c.obj)
                0x03800be8                vexDisplayPenSizeGet
 .text.vexSystemStdlibImpureDataAddr
                0x03800c04       0x28 C:\Program Files (x86)\VEX Robotics\VEXcode\sdk/vexv5\libv5rt.a(v5_apijump.c.obj)
                0x03800c04                vexSystemStdlibImpureDataAddr
 .text.vexSystemStdlibImpureDataSize
                0x03800c2c       0x28 C:\Program Files (x86)\VEX Robotics\VEXcode\sdk/vexv5\libv5rt.a(v5_apijump.c.obj)
                0x03800c2c                vexSystemStdlibImpureDataSize
 .text.vexSystemSaveUserData
                0x03800c54       0x3c C:\Program Files (x86)\VEX Robotics\VEXcode\sdk/vexv5\libv5rt.a(v5_apijump.c.obj)
                0x03800c54                vexSystemSaveUserData
 .text.vexTouchDataGet
                0x03800c90       0x10 C:\Program Files (x86)\VEX Robotics\VEXcode\sdk/vexv5\libv5rt.a(v5_apijump.c.obj)
                0x03800c90                vexTouchDataGet
 .text.vexDisplayThemeIdGet
                0x03800ca0       0x38 C:\Program Files (x86)\VEX Robotics\VEXcode\sdk/vexv5\libv5rt.a(v5_apijump.c.obj)
                0x03800ca0                vexDisplayThemeIdGet
 .text.vexDisplayRender
                0x03800cd8       0x2c C:\Program Files (x86)\VEX Robotics\VEXcode\sdk/vexv5\libv5rt.a(v5_apijump.c.obj)
                0x03800cd8                vexDisplayRender
 .text.vexDeviceEventMaskSet
                0x03800d04       0x48 C:\Program Files (x86)\VEX Robotics\VEXcode\sdk/vexv5\libv5rt.a(v5_apijump.c.obj)
                0x03800d04                vexDeviceEventMaskSet
 .text.vexDeviceEventMaskGet
                0x03800d4c       0x3c C:\Program Files (x86)\VEX Robotics\VEXcode\sdk/vexv5\libv5rt.a(v5_apijump.c.obj)
                0x03800d4c                vexDeviceEventMaskGet
 .text.vexSystemVersion
                0x03800d88       0x10 C:\Program Files (x86)\VEX Robotics\VEXcode\sdk/vexv5\libv5rt.a(v5_apiversions.c.obj)
                0x03800d88                vexSystemVersion
 .text.vexStdlibVersion
                0x03800d98       0x10 C:\Program Files (x86)\VEX Robotics\VEXcode\sdk/vexv5\libv5rt.a(v5_apiversions.c.obj)
                0x03800d98                vexStdlibVersion
 .text._ZN3vex5motor9installedEv
                0x03800da8       0x18 C:\Program Files (x86)\VEX Robotics\VEXcode\sdk/vexv5\libv5rt.a(vex_motor.cpp.obj)
                0x03800da8                vex::motor::installed()
 .text._ZN3vex5motorD2Ev
                0x03800dc0       0x20 C:\Program Files (x86)\VEX Robotics\VEXcode\sdk/vexv5\libv5rt.a(vex_motor.cpp.obj)
                0x03800dc0                vex::motor::~motor()
                0x03800dc0                vex::motor::~motor()
 .text._ZN3vex5motor15defaultStoppingENS_9brakeTypeE
                0x03800de0       0x30 C:\Program Files (x86)\VEX Robotics\VEXcode\sdk/vexv5\libv5rt.a(vex_motor.cpp.obj)
                0x03800de0                vex::motor::defaultStopping(vex::brakeType)
 .text._ZN3vex5motorC2El
                0x03800e10       0x70 C:\Program Files (x86)\VEX Robotics\VEXcode\sdk/vexv5\libv5rt.a(vex_motor.cpp.obj)
                0x03800e10                vex::motor::motor(long)
                0x03800e10                vex::motor::motor(long)
 .text._ZN3vex5motorC2Elb
                0x03800e80       0x24 C:\Program Files (x86)\VEX Robotics\VEXcode\sdk/vexv5\libv5rt.a(vex_motor.cpp.obj)
                0x03800e80                vex::motor::motor(long, bool)
                0x03800e80                vex::motor::motor(long, bool)
 .text._ZN3vex5motor10isSpinningEv
                0x03800ea4       0x38 C:\Program Files (x86)\VEX Robotics\VEXcode\sdk/vexv5\libv5rt.a(vex_motor.cpp.obj)
                0x03800ea4                vex::motor::isSpinning()
 .text._ZN3vex5motor4stopENS_9brakeTypeE
                0x03800edc       0x30 C:\Program Files (x86)\VEX Robotics\VEXcode\sdk/vexv5\libv5rt.a(vex_motor.cpp.obj)
                0x03800edc                vex::motor::stop(vex::brakeType)
 .text._ZN3vex5motor4stopEv
                0x03800f0c        0x8 C:\Program Files (x86)\VEX Robotics\VEXcode\sdk/vexv5\libv5rt.a(vex_motor.cpp.obj)
                0x03800f0c                vex::motor::stop()
 .text._ZN3vex5motor16velocityToScaledEdNS_13velocityUnitsE
                0x03800f14       0x5c C:\Program Files (x86)\VEX Robotics\VEXcode\sdk/vexv5\libv5rt.a(vex_motor.cpp.obj)
                0x03800f14                vex::motor::velocityToScaled(double, vex::velocityUnits)
 .text._ZN3vex5motor8velocityENS_13velocityUnitsE
                0x03800f70       0x30 C:\Program Files (x86)\VEX Robotics\VEXcode\sdk/vexv5\libv5rt.a(vex_motor.cpp.obj)
                0x03800f70                vex::motor::velocity(vex::velocityUnits)
 .text._ZN3vex5motor5valueEv
                0x03800fa0       0x1c C:\Program Files (x86)\VEX Robotics\VEXcode\sdk/vexv5\libv5rt.a(vex_motor.cpp.obj)
                0x03800fa0                vex::motor::value()
 .text._ZN3vex5motor16scaledToVelocityEdNS_13velocityUnitsE
                0x03800fbc       0xa4 C:\Program Files (x86)\VEX Robotics\VEXcode\sdk/vexv5\libv5rt.a(vex_motor.cpp.obj)
                0x03800fbc                vex::motor::scaledToVelocity(double, vex::velocityUnits)
 .text._ZN3vex5motor16setRotationUnitsENS_13rotationUnitsE
                0x03801060       0x1c C:\Program Files (x86)\VEX Robotics\VEXcode\sdk/vexv5\libv5rt.a(vex_motor.cpp.obj)
                0x03801060                vex::motor::setRotationUnits(vex::rotationUnits)
 .text._ZN3vex5motor9rotateForEdNS_13rotationUnitsEdNS_13velocityUnitsEb
                0x0380107c       0xe0 C:\Program Files (x86)\VEX Robotics\VEXcode\sdk/vexv5\libv5rt.a(vex_motor.cpp.obj)
                0x0380107c                vex::motor::rotateFor(double, vex::rotationUnits, double, vex::velocityUnits, bool)
 .text._ZN3vex5motor9rotateForENS_13directionTypeEdNS_13rotationUnitsEdNS_13velocityUnitsEb
                0x0380115c       0x34 C:\Program Files (x86)\VEX Robotics\VEXcode\sdk/vexv5\libv5rt.a(vex_motor.cpp.obj)
                0x0380115c                vex::motor::rotateFor(vex::directionType, double, vex::rotationUnits, double, vex::velocityUnits, bool)
 .text._ZN3vex5motor9rotateForENS_13directionTypeEdNS_13rotationUnitsEb
                0x03801190       0x3c C:\Program Files (x86)\VEX Robotics\VEXcode\sdk/vexv5\libv5rt.a(vex_motor.cpp.obj)
                0x03801190                vex::motor::rotateFor(vex::directionType, double, vex::rotationUnits, bool)
 .text.startup._GLOBAL__sub_I__ZN3vex5motorC2El
                0x038011cc       0x30 C:\Program Files (x86)\VEX Robotics\VEXcode\sdk/vexv5\libv5rt.a(vex_motor.cpp.obj)
 .text._ZN3vex4task5sleepEm
                0x038011fc        0x4 C:\Program Files (x86)\VEX Robotics\VEXcode\sdk/vexv5\libv5rt.a(vex_task.cpp.obj)
                0x038011fc                vex::task::sleep(unsigned long)
 .text._ZN3vex5brainD2Ev
                0x03801200       0x20 C:\Program Files (x86)\VEX Robotics\VEXcode\sdk/vexv5\libv5rt.a(vex_brain.cpp.obj)
                0x03801200                vex::brain::~brain()
                0x03801200                vex::brain::~brain()
 .text._ZN3vex5brain9_getIndexEv
                0x03801220       0x10 C:\Program Files (x86)\VEX Robotics\VEXcode\sdk/vexv5\libv5rt.a(vex_brain.cpp.obj)
                0x03801220                vex::brain::_getIndex()
 .text._ZN3vex5brain3lcd9setCursorEll
                0x03801230       0x44 C:\Program Files (x86)\VEX Robotics\VEXcode\sdk/vexv5\libv5rt.a(vex_brain.cpp.obj)
                0x03801230                vex::brain::lcd::setCursor(long, long)
 .text._ZN3vex5brain3lcd7setFontENS_8fontTypeE
                0x03801274      0x228 C:\Program Files (x86)\VEX Robotics\VEXcode\sdk/vexv5\libv5rt.a(vex_brain.cpp.obj)
                0x03801274                vex::brain::lcd::setFont(vex::fontType)
 .text._ZN3vex5brain3lcdC2Ev
                0x0380149c       0x94 C:\Program Files (x86)\VEX Robotics\VEXcode\sdk/vexv5\libv5rt.a(vex_brain.cpp.obj)
                0x0380149c                vex::brain::lcd::lcd()
                0x0380149c                vex::brain::lcd::lcd()
 .text._ZN3vex5brainC2Ev
                0x03801530       0x40 C:\Program Files (x86)\VEX Robotics\VEXcode\sdk/vexv5\libv5rt.a(vex_brain.cpp.obj)
                0x03801530                vex::brain::brain()
                0x03801530                vex::brain::brain()
 .text._ZN3vex5brain3lcd11setPenColorERKNS_5colorE
                0x03801570       0x14 C:\Program Files (x86)\VEX Robotics\VEXcode\sdk/vexv5\libv5rt.a(vex_brain.cpp.obj)
                0x03801570                vex::brain::lcd::setPenColor(vex::color const&)
 .text._ZN3vex5brain3lcd12_clearScreenEm
                0x03801584       0x38 C:\Program Files (x86)\VEX Robotics\VEXcode\sdk/vexv5\libv5rt.a(vex_brain.cpp.obj)
                0x03801584                vex::brain::lcd::_clearScreen(unsigned long)
 .text._ZN3vex5brain3lcd11clearScreenERKNS_5colorE
                0x038015bc       0x20 C:\Program Files (x86)\VEX Robotics\VEXcode\sdk/vexv5\libv5rt.a(vex_brain.cpp.obj)
                0x038015bc                vex::brain::lcd::clearScreen(vex::color const&)
 .text._ZN3vex5brain3lcd11clearScreenEv
                0x038015dc       0x2c C:\Program Files (x86)\VEX Robotics\VEXcode\sdk/vexv5\libv5rt.a(vex_brain.cpp.obj)
                0x038015dc                vex::brain::lcd::clearScreen()
 .text._ZN3vex5brain3lcd9drawPixelEii
                0x03801608       0x14 C:\Program Files (x86)\VEX Robotics\VEXcode\sdk/vexv5\libv5rt.a(vex_brain.cpp.obj)
                0x03801608                vex::brain::lcd::drawPixel(int, int)
 .text._ZN3vex5brain3lcd8drawLineEiiii
                0x0380161c      0x2c4 C:\Program Files (x86)\VEX Robotics\VEXcode\sdk/vexv5\libv5rt.a(vex_brain.cpp.obj)
                0x0380161c                vex::brain::lcd::drawLine(int, int, int, int)
 .text._ZN3vex5brain3lcd10drawCircleEiii
                0x038018e0       0xa4 C:\Program Files (x86)\VEX Robotics\VEXcode\sdk/vexv5\libv5rt.a(vex_brain.cpp.obj)
                0x038018e0                vex::brain::lcd::drawCircle(int, int, int)
 .text._ZN3vex5brain3lcd9xPositionEv
                0x03801984       0x24 C:\Program Files (x86)\VEX Robotics\VEXcode\sdk/vexv5\libv5rt.a(vex_brain.cpp.obj)
                0x03801984                vex::brain::lcd::xPosition()
 .text._ZN3vex5brain3lcd9yPositionEv
                0x038019a8       0x24 C:\Program Files (x86)\VEX Robotics\VEXcode\sdk/vexv5\libv5rt.a(vex_brain.cpp.obj)
                0x038019a8                vex::brain::lcd::yPosition()
 .text._ZN3vex5brain3lcd8pressingEv
                0x038019cc       0x20 C:\Program Files (x86)\VEX Robotics\VEXcode\sdk/vexv5\libv5rt.a(vex_brain.cpp.obj)
                0x038019cc                vex::brain::lcd::pressing()
 .text._ZN3vex5brain3lcd6renderEv
                0x038019ec        0xc C:\Program Files (x86)\VEX Robotics\VEXcode\sdk/vexv5\libv5rt.a(vex_brain.cpp.obj)
                0x038019ec                vex::brain::lcd::render()
 .text._ZN3vex5brain3lcd6renderEbb
                0x038019f8        0xc C:\Program Files (x86)\VEX Robotics\VEXcode\sdk/vexv5\libv5rt.a(vex_brain.cpp.obj)
                0x038019f8                vex::brain::lcd::render(bool, bool)
 .text._ZN3vex7triport9installedEv
                0x03801a04       0x18 C:\Program Files (x86)\VEX Robotics\VEXcode\sdk/vexv5\libv5rt.a(vex_triport.cpp.obj)
                0x03801a04                vex::triport::installed()
 .text._ZN3vex7triportD2Ev
                0x03801a1c       0x38 C:\Program Files (x86)\VEX Robotics\VEXcode\sdk/vexv5\libv5rt.a(vex_triport.cpp.obj)
                0x03801a1c                vex::triport::~triport()
                0x03801a1c                vex::triport::~triport()
 .text._ZN3vex7triport4portC2ElPS0_
                0x03801a54       0x90 C:\Program Files (x86)\VEX Robotics\VEXcode\sdk/vexv5\libv5rt.a(vex_triport.cpp.obj)
                0x03801a54                vex::triport::port::port(long, vex::triport*)
                0x03801a54                vex::triport::port::port(long, vex::triport*)
 .text._ZN3vex7triportC2El
                0x03801ae4       0xf0 C:\Program Files (x86)\VEX Robotics\VEXcode\sdk/vexv5\libv5rt.a(vex_triport.cpp.obj)
                0x03801ae4                vex::triport::triport(long)
                0x03801ae4                vex::triport::triport(long)
 .text.startup._GLOBAL__sub_I__ZN3vex7triportC2El
                0x03801bd4       0x30 C:\Program Files (x86)\VEX Robotics\VEXcode\sdk/vexv5\libv5rt.a(vex_triport.cpp.obj)
 .text._ZN3vex5colorD2Ev
                0x03801c04        0x4 C:\Program Files (x86)\VEX Robotics\VEXcode\sdk/vexv5\libv5rt.a(vex_color.cpp.obj)
                0x03801c04                vex::color::~color()
                0x03801c04                vex::color::~color()
 .text._ZNK3vex5colorcvmEv
                0x03801c08        0x8 C:\Program Files (x86)\VEX Robotics\VEXcode\sdk/vexv5\libv5rt.a(vex_color.cpp.obj)
                0x03801c08                vex::color::operator unsigned long() const
 .text.startup._GLOBAL__sub_I__ZN3vex5color5blackE
                0x03801c10      0x164 C:\Program Files (x86)\VEX Robotics\VEXcode\sdk/vexv5\libv5rt.a(vex_color.cpp.obj)
 .text._ZN3vex5timerD2Ev
                0x03801d74        0x4 C:\Program Files (x86)\VEX Robotics\VEXcode\sdk/vexv5\libv5rt.a(vex_timer.cpp.obj)
                0x03801d74                vex::timer::~timer()
                0x03801d74                vex::timer::~timer()
 .text._ZN3vex5timer5clearEv
                0x03801d78       0x1c C:\Program Files (x86)\VEX Robotics\VEXcode\sdk/vexv5\libv5rt.a(vex_timer.cpp.obj)
                0x03801d78                vex::timer::clear()
 .text._ZN3vex5timerC2Ev
                0x03801d94       0x14 C:\Program Files (x86)\VEX Robotics\VEXcode\sdk/vexv5\libv5rt.a(vex_timer.cpp.obj)
                0x03801d94                vex::timer::timer()
                0x03801d94                vex::timer::timer()
 .text._ZN3vex10drivetrainD2Ev
                0x03801da8       0x20 C:\Program Files (x86)\VEX Robotics\VEXcode\sdk/vexv5\libv5rt.a(vex_drivetrain.cpp.obj)
                0x03801da8                vex::drivetrain::~drivetrain()
                0x03801da8                vex::drivetrain::~drivetrain()
 .text._ZN3vex10drivetrain10isSpinningEv
                0x03801dc8       0x20 C:\Program Files (x86)\VEX Robotics\VEXcode\sdk/vexv5\libv5rt.a(vex_drivetrain.cpp.obj)
                0x03801dc8                vex::drivetrain::isSpinning()
 .text._ZN3vex10drivetrain6isDoneEv
                0x03801de8       0x14 C:\Program Files (x86)\VEX Robotics\VEXcode\sdk/vexv5\libv5rt.a(vex_drivetrain.cpp.obj)
                0x03801de8                vex::drivetrain::isDone()
 .text._ZN3vex10drivetrain4stopEv
                0x03801dfc       0x20 C:\Program Files (x86)\VEX Robotics\VEXcode\sdk/vexv5\libv5rt.a(vex_drivetrain.cpp.obj)
                0x03801dfc                vex::drivetrain::stop()
 .text._ZN3vex10drivetrain4stopENS_9brakeTypeE
                0x03801e1c       0x28 C:\Program Files (x86)\VEX Robotics\VEXcode\sdk/vexv5\libv5rt.a(vex_drivetrain.cpp.obj)
                0x03801e1c                vex::drivetrain::stop(vex::brakeType)
 .text._ZN3vex10drivetrain21_waitForCompletionAllEv
                0x03801e44       0x60 C:\Program Files (x86)\VEX Robotics\VEXcode\sdk/vexv5\libv5rt.a(vex_drivetrain.cpp.obj)
                0x03801e44                vex::drivetrain::_waitForCompletionAll()
 *fill*         0x03801ea4        0x4 
 .text._ZN3vex10drivetrain12distanceToMmEdNS_13distanceUnitsE
                0x03801ea8       0x38 C:\Program Files (x86)\VEX Robotics\VEXcode\sdk/vexv5\libv5rt.a(vex_drivetrain.cpp.obj)
                0x03801ea8                vex::drivetrain::distanceToMm(double, vex::distanceUnits)
 .text._ZN3vex10drivetrainC2ERNS_5motorES2_ddNS_13distanceUnitsE
                0x03801ee0       0xa8 C:\Program Files (x86)\VEX Robotics\VEXcode\sdk/vexv5\libv5rt.a(vex_drivetrain.cpp.obj)
                0x03801ee0                vex::drivetrain::drivetrain(vex::motor&, vex::motor&, double, double, vex::distanceUnits)
                0x03801ee0                vex::drivetrain::drivetrain(vex::motor&, vex::motor&, double, double, vex::distanceUnits)
 .text._ZN3vex10drivetrain15_distanceToRevsEdNS_13distanceUnitsE
                0x03801f88       0x2c C:\Program Files (x86)\VEX Robotics\VEXcode\sdk/vexv5\libv5rt.a(vex_drivetrain.cpp.obj)
                0x03801f88                vex::drivetrain::_distanceToRevs(double, vex::distanceUnits)
 .text._ZN3vex10drivetrain8driveForENS_13directionTypeEdNS_13distanceUnitsEb
                0x03801fb4       0x88 C:\Program Files (x86)\VEX Robotics\VEXcode\sdk/vexv5\libv5rt.a(vex_drivetrain.cpp.obj)
                0x03801fb4                vex::drivetrain::driveFor(vex::directionType, double, vex::distanceUnits, bool)
 *fill*         0x0380203c        0x4 
 .text._ZN3vex10drivetrain12_angleToRevsEdNS_13rotationUnitsE
                0x03802040       0x48 C:\Program Files (x86)\VEX Robotics\VEXcode\sdk/vexv5\libv5rt.a(vex_drivetrain.cpp.obj)
                0x03802040                vex::drivetrain::_angleToRevs(double, vex::rotationUnits)
 .text._ZN3vex10drivetrain7turnForENS_8turnTypeEdNS_13rotationUnitsEb
                0x03802088       0xbc C:\Program Files (x86)\VEX Robotics\VEXcode\sdk/vexv5\libv5rt.a(vex_drivetrain.cpp.obj)
                0x03802088                vex::drivetrain::turnFor(vex::turnType, double, vex::rotationUnits, bool)
 .text.vexAdiPortConfigSet
                0x03802144       0x28 C:\Program Files (x86)\VEX Robotics\VEXcode\sdk/vexv5\libv5rt.a(v5_apiuser.c.obj)
                0x03802144                vexAdiPortConfigSet
 .text.vexMotorVelocitySet
                0x0380216c       0x20 C:\Program Files (x86)\VEX Robotics\VEXcode\sdk/vexv5\libv5rt.a(v5_apiuser.c.obj)
                0x0380216c                vexMotorVelocitySet
 .text.vexMotorActualVelocityGet
                0x0380218c       0x24 C:\Program Files (x86)\VEX Robotics\VEXcode\sdk/vexv5\libv5rt.a(v5_apiuser.c.obj)
                0x0380218c                vexMotorActualVelocityGet
 .text.vexMotorZeroPositionFlagGet
                0x038021b0       0x18 C:\Program Files (x86)\VEX Robotics\VEXcode\sdk/vexv5\libv5rt.a(v5_apiuser.c.obj)
                0x038021b0                vexMotorZeroPositionFlagGet
 .text.vexMotorReverseFlagSet
                0x038021c8       0x20 C:\Program Files (x86)\VEX Robotics\VEXcode\sdk/vexv5\libv5rt.a(v5_apiuser.c.obj)
                0x038021c8                vexMotorReverseFlagSet
 .text.vexMotorEncoderUnitsSet
                0x038021e8       0x20 C:\Program Files (x86)\VEX Robotics\VEXcode\sdk/vexv5\libv5rt.a(v5_apiuser.c.obj)
                0x038021e8                vexMotorEncoderUnitsSet
 .text.vexMotorBrakeModeSet
                0x03802208       0x20 C:\Program Files (x86)\VEX Robotics\VEXcode\sdk/vexv5\libv5rt.a(v5_apiuser.c.obj)
                0x03802208                vexMotorBrakeModeSet
 .text.vexMotorPositionSet
                0x03802228       0x28 C:\Program Files (x86)\VEX Robotics\VEXcode\sdk/vexv5\libv5rt.a(v5_apiuser.c.obj)
                0x03802228                vexMotorPositionSet
 .text.vexMotorRelativeTargetSet
                0x03802250       0x30 C:\Program Files (x86)\VEX Robotics\VEXcode\sdk/vexv5\libv5rt.a(v5_apiuser.c.obj)
                0x03802250                vexMotorRelativeTargetSet
 .text.vexMotorGearingGet
                0x03802280       0x18 C:\Program Files (x86)\VEX Robotics\VEXcode\sdk/vexv5\libv5rt.a(v5_apiuser.c.obj)
                0x03802280                vexMotorGearingGet
 .text.vexEventMaskSet
                0x03802298       0x28 C:\Program Files (x86)\VEX Robotics\VEXcode\sdk/vexv5\libv5rt.a(v5_apiuser.c.obj)
                0x03802298                vexEventMaskSet
 .text.vexEventMaskGet
                0x038022c0       0x18 C:\Program Files (x86)\VEX Robotics\VEXcode\sdk/vexv5\libv5rt.a(v5_apiuser.c.obj)
                0x038022c0                vexEventMaskGet
 .text._ZN3vex6device5valueEv
                0x038022d8        0x8 C:\Program Files (x86)\VEX Robotics\VEXcode\sdk/vexv5\libv5rt.a(vex_device.cpp.obj)
                0x038022d8                vex::device::value()
 .text._ZN3vex6deviceD2Ev
                0x038022e0        0x4 C:\Program Files (x86)\VEX Robotics\VEXcode\sdk/vexv5\libv5rt.a(vex_device.cpp.obj)
                0x038022e0                vex::device::~device()
                0x038022e0                vex::device::~device()
 .text._ZN3vex6device4initEl
                0x038022e4       0x30 C:\Program Files (x86)\VEX Robotics\VEXcode\sdk/vexv5\libv5rt.a(vex_device.cpp.obj)
                0x038022e4                vex::device::init(long)
 .text._ZN3vex6deviceC2El
                0x03802314       0x20 C:\Program Files (x86)\VEX Robotics\VEXcode\sdk/vexv5\libv5rt.a(vex_device.cpp.obj)
                0x03802314                vex::device::device(long)
                0x03802314                vex::device::device(long)
 .text._ZN3vex6device4typeEv
                0x03802334       0x10 C:\Program Files (x86)\VEX Robotics\VEXcode\sdk/vexv5\libv5rt.a(vex_device.cpp.obj)
                0x03802334                vex::device::type()
 .text._ZN3vex6device9installedEv
                0x03802344       0x14 C:\Program Files (x86)\VEX Robotics\VEXcode\sdk/vexv5\libv5rt.a(vex_device.cpp.obj)
                0x03802344                vex::device::installed()
 .text._ZN3vex11this_thread9sleep_forEm
                0x03802358        0x4 C:\Program Files (x86)\VEX Robotics\VEXcode\sdk/vexv5\libv5rt.a(vex_thread.cpp.obj)
                0x03802358                vex::this_thread::sleep_for(unsigned long)
 .text._ZN3vex5event4initEmmPFvvE
                0x0380235c        0x4 C:\Program Files (x86)\VEX Robotics\VEXcode\sdk/vexv5\libv5rt.a(vex_event.cpp.obj)
                0x0380235c                vex::event::init(unsigned long, unsigned long, void (*)())
 .text._ZN3vex5event9userindexEv
                0x03802360        0x4 C:\Program Files (x86)\VEX Robotics\VEXcode\sdk/vexv5\libv5rt.a(vex_event.cpp.obj)
                0x03802360                vex::event::userindex()
 .text._ZZN3vex6meventC4EmmENUlvE_4_FUNEv
                0x03802364        0x4 C:\Program Files (x86)\VEX Robotics\VEXcode\sdk/vexv5\libv5rt.a(vex_mevent.cpp.obj)
 .text._ZN3vex6meventC2Emm
                0x03802368       0x70 C:\Program Files (x86)\VEX Robotics\VEXcode\sdk/vexv5\libv5rt.a(vex_mevent.cpp.obj)
                0x03802368                vex::mevent::mevent(unsigned long, unsigned long)
                0x03802368                vex::mevent::mevent(unsigned long, unsigned long)
 .text._ZN3vex11motor_group18motor_group_motorsC2Ev
                0x038023d8       0x28 C:\Program Files (x86)\VEX Robotics\VEXcode\sdk/vexv5\libv5rt.a(vex_motorgroup.cpp.obj)
                0x038023d8                vex::motor_group::motor_group_motors::motor_group_motors()
                0x038023d8                vex::motor_group::motor_group_motors::motor_group_motors()
 .text._ZN3vex11motor_groupC2Ev
                0x03802400       0x1c C:\Program Files (x86)\VEX Robotics\VEXcode\sdk/vexv5\libv5rt.a(vex_motorgroup.cpp.obj)
                0x03802400                vex::motor_group::motor_group()
                0x03802400                vex::motor_group::motor_group()
 .text._ZN3vex11motor_groupD2Ev
                0x0380241c        0x4 C:\Program Files (x86)\VEX Robotics\VEXcode\sdk/vexv5\libv5rt.a(vex_motorgroup.cpp.obj)
                0x0380241c                vex::motor_group::~motor_group()
                0x0380241c                vex::motor_group::~motor_group()
 .text._ZN3vex11motor_group9_addMotorEv
                0x03802420        0x4 C:\Program Files (x86)\VEX Robotics\VEXcode\sdk/vexv5\libv5rt.a(vex_motorgroup.cpp.obj)
                0x03802420                vex::motor_group::_addMotor()
 .text._ZN3vex11motor_group9_addMotorERNS_5motorE
                0x03802424       0x24 C:\Program Files (x86)\VEX Robotics\VEXcode\sdk/vexv5\libv5rt.a(vex_motorgroup.cpp.obj)
                0x03802424                vex::motor_group::_addMotor(vex::motor&)
 .text._ZN3vex11motor_group10isSpinningEv
                0x03802448       0x40 C:\Program Files (x86)\VEX Robotics\VEXcode\sdk/vexv5\libv5rt.a(vex_motorgroup.cpp.obj)
                0x03802448                vex::motor_group::isSpinning()
 .text._ZN3vex11motor_group6isDoneEv
                0x03802488       0x14 C:\Program Files (x86)\VEX Robotics\VEXcode\sdk/vexv5\libv5rt.a(vex_motorgroup.cpp.obj)
                0x03802488                vex::motor_group::isDone()
 .text._ZN3vex11motor_group4stopEv
                0x0380249c       0x30 C:\Program Files (x86)\VEX Robotics\VEXcode\sdk/vexv5\libv5rt.a(vex_motorgroup.cpp.obj)
                0x0380249c                vex::motor_group::stop()
 .text._ZN3vex11motor_group4stopENS_9brakeTypeE
                0x038024cc       0x38 C:\Program Files (x86)\VEX Robotics\VEXcode\sdk/vexv5\libv5rt.a(vex_motorgroup.cpp.obj)
                0x038024cc                vex::motor_group::stop(vex::brakeType)
 .text._ZN3vex11motor_group20waitForCompletionAllEv
                0x03802504       0x60 C:\Program Files (x86)\VEX Robotics\VEXcode\sdk/vexv5\libv5rt.a(vex_motorgroup.cpp.obj)
                0x03802504                vex::motor_group::waitForCompletionAll()
 .text._ZN3vex11motor_group9rotateForENS_13directionTypeEdNS_13rotationUnitsEdNS_13velocityUnitsEb
                0x03802564       0xa8 C:\Program Files (x86)\VEX Robotics\VEXcode\sdk/vexv5\libv5rt.a(vex_motorgroup.cpp.obj)
                0x03802564                vex::motor_group::rotateFor(vex::directionType, double, vex::rotationUnits, double, vex::velocityUnits, bool)
 .text._ZN3vex11motor_group9rotateForENS_13directionTypeEdNS_13rotationUnitsEb
                0x0380260c       0x80 C:\Program Files (x86)\VEX Robotics\VEXcode\sdk/vexv5\libv5rt.a(vex_motorgroup.cpp.obj)
                0x0380260c                vex::motor_group::rotateFor(vex::directionType, double, vex::rotationUnits, bool)
 .text.__libc_fini_array
                0x0380268c       0x30 C:\Program Files (x86)\VEX Robotics\VEXcode\sdk/vexv5/gcc/libs\libc.a(lib_a-fini.o)
                0x0380268c                __libc_fini_array
 .text.__libc_init_array
                0x038026bc       0x58 C:\Program Files (x86)\VEX Robotics\VEXcode\sdk/vexv5/gcc/libs\libc.a(lib_a-init.o)
                0x038026bc                __libc_init_array
 *fill*         0x03802714        0x4 
 .text.__libc_init_array.__stub
                0x03802718       0x18 linker stubs
 *(.gnu.linkonce.t.*)
 *(.plt)
 *(.gnu_warning)
 *(.gcc_except_table)
 *(.glue_7)
 .glue_7        0x00000000        0x0 linker stubs
 *(.glue_7t)
 .glue_7t       0x00000000        0x0 linker stubs
 *(.vfp11_veneer)
 .vfp11_veneer  0x00000000        0x0 linker stubs
 *(.ARM.extab)
 *(.gnu.linkonce.armextab.*)

.v4_bx          0x03802730        0x0
 .v4_bx         0x00000000        0x0 linker stubs

.iplt           0x03802730        0x0
 .iplt          0x00000000        0x0 build/src/main.o

.init
 *(.init)

.fini
 *(.fini)

.rodata         0x03802730       0x94
                0x03802730                __rodata_start = .
 *(.rodata)
 *(.rodata.*)
 .rodata.str1.1
                0x03802730       0x2e C:\Program Files (x86)\VEX Robotics\VEXcode\sdk/vexv5\libv5rt.a(v5_startup.c.obj)
 *fill*         0x0380275e        0x2 
 .rodata._ZN3vex6PORT22E
                0x03802760        0x4 C:\Program Files (x86)\VEX Robotics\VEXcode\sdk/vexv5\libv5rt.a(vex_global.cpp.obj)
                0x03802760                vex::PORT22
 .rodata._ZN3vex5PORT1E
                0x03802764        0x4 C:\Program Files (x86)\VEX Robotics\VEXcode\sdk/vexv5\libv5rt.a(vex_global.cpp.obj)
                0x03802764                vex::PORT1
 .rodata._ZN3vex6PORT10E
                0x03802768        0x4 C:\Program Files (x86)\VEX Robotics\VEXcode\sdk/vexv5\libv5rt.a(vex_global.cpp.obj)
                0x03802768                vex::PORT10
 *fill*         0x0380276c        0x4 
 .rodata._ZTVN3vex5motorE
                0x03802770       0x10 C:\Program Files (x86)\VEX Robotics\VEXcode\sdk/vexv5\libv5rt.a(vex_motor.cpp.obj)
                0x03802770                vtable for vex::motor
 .rodata.str1.1
                0x03802780       0x1a C:\Program Files (x86)\VEX Robotics\VEXcode\sdk/vexv5\libv5rt.a(vex_brain.cpp.obj)
 *fill*         0x0380279a        0x6 
 .rodata._ZTVN3vex7triportE
                0x038027a0       0x10 C:\Program Files (x86)\VEX Robotics\VEXcode\sdk/vexv5\libv5rt.a(vex_triport.cpp.obj)
                0x038027a0                vtable for vex::triport
 .rodata._ZTVN3vex6deviceE
                0x038027b0       0x10 C:\Program Files (x86)\VEX Robotics\VEXcode\sdk/vexv5\libv5rt.a(vex_device.cpp.obj)
                0x038027b0                vtable for vex::device
 .rodata.str1.4
                0x038027c0        0x4 C:\Program Files (x86)\VEX Robotics\VEXcode\sdk/vexv5/gcc/libs\libc.a(lib_a-impure.o)
                                  0x2 (size before relaxing)
 *(.gnu.linkonce.r.*)
                0x038027c4                __rodata_end = .

.rodata1        0x038027c4        0x0
                0x038027c4                __rodata1_start = .
 *(.rodata1)
 *(.rodata1.*)
                0x038027c4                __rodata1_end = .

.sdata2         0x038027c4        0x0
                0x038027c4                __sdata2_start = .
 *(.sdata2)
 *(.sdata2.*)
 *(.gnu.linkonce.s2.*)
                0x038027c4                __sdata2_end = .

.sbss2          0x038027c4        0x0
                0x038027c4                __sbss2_start = .
 *(.sbss2)
 *(.sbss2.*)
 *(.gnu.linkonce.sb2.*)
                0x038027c4                __sbss2_end = .

.data           0x038027c8      0x434
                0x038027c8                __data_start = .
 *(.data)
 *(.data.*)
 .data.appRunning
                0x038027c8        0x4 C:\Program Files (x86)\VEX Robotics\VEXcode\sdk/vexv5\libv5rt.a(v5_startup.c.obj)
                0x038027c8                appRunning
 .data.__yoff   0x038027cc        0x4 C:\Program Files (x86)\VEX Robotics\VEXcode\sdk/vexv5\libv5rt.a(v5_apijump.c.obj)
 .data.impure_data
                0x038027d0      0x428 C:\Program Files (x86)\VEX Robotics\VEXcode\sdk/vexv5/gcc/libs\libc.a(lib_a-impure.o)
 .data._impure_ptr
                0x03802bf8        0x4 C:\Program Files (x86)\VEX Robotics\VEXcode\sdk/vexv5/gcc/libs\libc.a(lib_a-impure.o)
                0x03802bf8                _impure_ptr
 *(.gnu.linkonce.d.*)
 *(.jcr)
 *(.got)
 *(.got.plt)
                0x03802bfc                __data_end = .

.igot.plt       0x03802bfc        0x0
 .igot.plt      0x00000000        0x0 build/src/main.o

.data1          0x03802bfc        0x0
                0x03802bfc                __data1_start = .
 *(.data1)
 *(.data1.*)
                0x03802bfc                __data1_end = .

.got
 *(.got)

.ctors          0x03802bfc        0x0
                0x03802bfc                __CTOR_LIST__ = .
                0x03802bfc                ___CTORS_LIST___ = .
 *crtbegin.o(.ctors)
 *(EXCLUDE_FILE(*crtend.o) .ctors)
 *(SORT(.ctors.*))
 *(.ctors)
                0x03802bfc                __CTOR_END__ = .
                0x03802bfc                ___CTORS_END___ = .

.dtors          0x03802bfc        0x0
                0x03802bfc                __DTOR_LIST__ = .
                0x03802bfc                ___DTORS_LIST___ = .
 *crtbegin.o(.dtors)
 *(EXCLUDE_FILE(*crtend.o) .dtors)
 *(SORT(.dtors.*))
 *(.dtors)
                0x03802bfc                __DTOR_END__ = .
                0x03802bfc                ___DTORS_END___ = .

.fixup          0x03802bfc        0x0
                0x03802bfc                __fixup_start = .
 *(.fixup)
                0x03802bfc                __fixup_end = .

.eh_frame
 *(.eh_frame)

.eh_framehdr    0x03802bfc        0x0
                0x03802bfc                __eh_framehdr_start = .
 *(.eh_framehdr)
                0x03802bfc                __eh_framehdr_end = .

.gcc_except_table
 *(.gcc_except_table)

.mmu_tbl        0x03804000        0x0
                0x03804000                __mmu_tbl_start = .
 *(.mmu_tbl)
                0x03804000                __mmu_tbl_end = .

.ARM.exidx      0x03802bfc        0x8
                0x03802bfc                __exidx_start = .
 *(.ARM.exidx*)
 .ARM.exidx.text._Z9draw_gridv
                0x03802bfc        0x8 build/src/main.o
 .ARM.exidx.text._Z10draw_touchv
                0x03802c04        0x0 build/src/main.o
                                  0x8 (size before relaxing)
 .ARM.exidx.text.main
                0x03802c04        0x0 build/src/main.o
                                  0x8 (size before relaxing)
 .ARM.exidx.text._GLOBAL__sub_I_main.cpp
                0x03802c04        0x0 build/src/main.o
                                  0x8 (size before relaxing)
 *(.gnu.linkonce.armexidix.*.*)
                0x03802c04                __exidx_end = .

.rel.dyn        0x03802c04        0x0
 .rel.iplt      0x00000000        0x0 build/src/main.o

.preinit_array  0x03802c04        0x0
                0x03802c04                __preinit_array_start = .
 *(SORT(.preinit_array.*))
 *(.preinit_array)
                0x03802c04                __preinit_array_end = .

.init_array     0x03802c04       0x10
                0x03802c04                __init_array_start = .
 *(SORT(.init_array.*))
 *(.init_array)
 .init_array    0x03802c04        0x4 build/src/main.o
 .init_array    0x03802c08        0x4 C:\Program Files (x86)\VEX Robotics\VEXcode\sdk/vexv5\libv5rt.a(vex_motor.cpp.obj)
 .init_array    0x03802c0c        0x4 C:\Program Files (x86)\VEX Robotics\VEXcode\sdk/vexv5\libv5rt.a(vex_triport.cpp.obj)
 .init_array    0x03802c10        0x4 C:\Program Files (x86)\VEX Robotics\VEXcode\sdk/vexv5\libv5rt.a(vex_color.cpp.obj)
                0x03802c14                __init_array_end = .

.fini_array     0x03802c14        0x0
                0x03802c14                __fini_array_start = .
 *(SORT(.fini_array.*))
 *(.fini_array)
                0x03802c14                __fini_array_end = .

.ARM.attributes
                0x03802c14       0x3c
                0x03802c14                __ARM.attributes_start = .
 *(.ARM.attributes)
 .ARM.attributes
                0x03802c14       0x3a build/src/main.o
 .ARM.attributes
                0x03802c4e       0x35 C:\Program Files (x86)\VEX Robotics\VEXcode\sdk/vexv5\libv5rt.a(v5_startup.c.obj)
 .ARM.attributes
                0x03802c83       0x35 C:\Program Files (x86)\VEX Robotics\VEXcode\sdk/vexv5\libv5rt.a(v5_util.c.obj)
 .ARM.attributes
                0x03802cb8       0x35 C:\Program Files (x86)\VEX Robotics\VEXcode\sdk/vexv5\libv5rt.a(v5_apijump.c.obj)
 .ARM.attributes
                0x03802ced       0x35 C:\Program Files (x86)\VEX Robotics\VEXcode\sdk/vexv5\libv5rt.a(v5_apiversions.c.obj)
 .ARM.attributes
                0x03802d22       0x35 C:\Program Files (x86)\VEX Robotics\VEXcode\sdk/vexv5\libv5rt.a(vex_global.cpp.obj)
 .ARM.attributes
                0x03802d57       0x35 C:\Program Files (x86)\VEX Robotics\VEXcode\sdk/vexv5\libv5rt.a(vex_motor.cpp.obj)
 .ARM.attributes
                0x03802d8c       0x35 C:\Program Files (x86)\VEX Robotics\VEXcode\sdk/vexv5\libv5rt.a(vex_task.cpp.obj)
 .ARM.attributes
                0x03802dc1       0x35 C:\Program Files (x86)\VEX Robotics\VEXcode\sdk/vexv5\libv5rt.a(vex_brain.cpp.obj)
 .ARM.attributes
                0x03802df6       0x35 C:\Program Files (x86)\VEX Robotics\VEXcode\sdk/vexv5\libv5rt.a(vex_triport.cpp.obj)
 .ARM.attributes
                0x03802e2b       0x35 C:\Program Files (x86)\VEX Robotics\VEXcode\sdk/vexv5\libv5rt.a(vex_color.cpp.obj)
 .ARM.attributes
                0x03802e60       0x35 C:\Program Files (x86)\VEX Robotics\VEXcode\sdk/vexv5\libv5rt.a(vex_timer.cpp.obj)
 .ARM.attributes
                0x03802e95       0x35 C:\Program Files (x86)\VEX Robotics\VEXcode\sdk/vexv5\libv5rt.a(vex_drivetrain.cpp.obj)
 .ARM.attributes
                0x03802eca       0x35 C:\Program Files (x86)\VEX Robotics\VEXcode\sdk/vexv5\libv5rt.a(v5_apiuser.c.obj)
 .ARM.attributes
                0x03802eff       0x35 C:\Program Files (x86)\VEX Robotics\VEXcode\sdk/vexv5\libv5rt.a(vex_device.cpp.obj)
 .ARM.attributes
                0x03802f34       0x35 C:\Program Files (x86)\VEX Robotics\VEXcode\sdk/vexv5\libv5rt.a(vex_thread.cpp.obj)
 .ARM.attributes
                0x03802f69       0x35 C:\Program Files (x86)\VEX Robotics\VEXcode\sdk/vexv5\libv5rt.a(vex_event.cpp.obj)
 .ARM.attributes
                0x03802f9e       0x35 C:\Program Files (x86)\VEX Robotics\VEXcode\sdk/vexv5\libv5rt.a(vex_mevent.cpp.obj)
 .ARM.attributes
                0x03802fd3       0x35 C:\Program Files (x86)\VEX Robotics\VEXcode\sdk/vexv5\libv5rt.a(vex_motorgroup.cpp.obj)
 .ARM.attributes
                0x03803008       0x2b C:\Program Files (x86)\VEX Robotics\VEXcode\sdk/vexv5/gcc/libs\libc.a(lib_a-fini.o)
 .ARM.attributes
                0x03803033       0x2b C:\Program Files (x86)\VEX Robotics\VEXcode\sdk/vexv5/gcc/libs\libc.a(lib_a-impure.o)
 .ARM.attributes
                0x0380305e       0x2b C:\Program Files (x86)\VEX Robotics\VEXcode\sdk/vexv5/gcc/libs\libc.a(lib_a-init.o)
                0x03803089                __ARM.attributes_end = .

.sdata          0x03802c14        0x0
                0x03802c14                __sdata_start = .
 *(.sdata)
 *(.sdata.*)
 *(.gnu.linkonce.s.*)
                0x03802c14                __sdata_end = .

.sbss           0x03802c14        0x0
                0x03802c14                __sbss_start = .
 *(.sbss)
 *(.sbss.*)
 *(.gnu.linkonce.sb.*)
                0x03802c14                __sbss_end = .

.tdata          0x03802c14        0x0
                0x03802c14                __tdata_start = .
 *(.tdata)
 *(.tdata.*)
 *(.gnu.linkonce.td.*)
                0x03802c14                __tdata_end = .

.tbss           0x03802c14        0x0
                0x03802c14                __tbss_start = .
 *(.tbss)
 *(.tbss.*)
 *(.gnu.linkonce.tb.*)
                0x03802c14                __tbss_end = .

.bss            0x03802c18      0x458
                0x03802c18                __bss_start = .
 *(.bss)
 *(.bss.*)
 .bss.Brain     0x03802c18      0x2e0 build/src/main.o
                0x03802c18                Brain
 .bss.motor_L   0x03802ef8       0x28 build/src/main.o
                0x03802ef8                motor_L
 .bss.motor_R   0x03802f20       0x28 build/src/main.o
                0x03802f20                motor_R
 .bss.dt        0x03802f48       0xb8 build/src/main.o
                0x03802f48                dt
 .bss.__dso_handle
                0x03803000        0x4 C:\Program Files (x86)\VEX Robotics\VEXcode\sdk/vexv5\libv5rt.a(v5_startup.c.obj)
                0x03803000                __dso_handle
 .bss._ZStL8__ioinit
                0x03803004        0x1 C:\Program Files (x86)\VEX Robotics\VEXcode\sdk/vexv5\libv5rt.a(vex_motor.cpp.obj)
 .bss._ZStL8__ioinit
                0x03803005        0x1 C:\Program Files (x86)\VEX Robotics\VEXcode\sdk/vexv5\libv5rt.a(vex_triport.cpp.obj)
 *fill*         0x03803006        0x2 
 .bss._ZN3vex5color6orangeE
                0x03803008        0x8 C:\Program Files (x86)\VEX Robotics\VEXcode\sdk/vexv5\libv5rt.a(vex_color.cpp.obj)
                0x03803008                vex::color::orange
 .bss._ZN3vex5color5blackE
                0x03803010        0x8 C:\Program Files (x86)\VEX Robotics\VEXcode\sdk/vexv5\libv5rt.a(vex_color.cpp.obj)
                0x03803010                vex::color::black
 .bss._ZN3vex5color6yellowE
                0x03803018        0x8 C:\Program Files (x86)\VEX Robotics\VEXcode\sdk/vexv5\libv5rt.a(vex_color.cpp.obj)
                0x03803018                vex::color::yellow
 .bss._ZN3vex5color5greenE
                0x03803020        0x8 C:\Program Files (x86)\VEX Robotics\VEXcode\sdk/vexv5\libv5rt.a(vex_color.cpp.obj)
                0x03803020                vex::color::green
 .bss._ZN3vex5color6purpleE
                0x03803028        0x8 C:\Program Files (x86)\VEX Robotics\VEXcode\sdk/vexv5\libv5rt.a(vex_color.cpp.obj)
                0x03803028                vex::color::purple
 .bss._ZN3vex5color4cyanE
                0x03803030        0x8 C:\Program Files (x86)\VEX Robotics\VEXcode\sdk/vexv5\libv5rt.a(vex_color.cpp.obj)
                0x03803030                vex::color::cyan
 .bss._ZN3vex5color4blueE
                0x03803038        0x8 C:\Program Files (x86)\VEX Robotics\VEXcode\sdk/vexv5\libv5rt.a(vex_color.cpp.obj)
                0x03803038                vex::color::blue
 .bss._ZN3vex5color3redE
                0x03803040        0x8 C:\Program Files (x86)\VEX Robotics\VEXcode\sdk/vexv5\libv5rt.a(vex_color.cpp.obj)
                0x03803040                vex::color::red
 .bss._ZN3vex5color11transparentE
                0x03803048        0x8 C:\Program Files (x86)\VEX Robotics\VEXcode\sdk/vexv5\libv5rt.a(vex_color.cpp.obj)
                0x03803048                vex::color::transparent
 .bss._ZN3vex5color5whiteE
                0x03803050        0x8 C:\Program Files (x86)\VEX Robotics\VEXcode\sdk/vexv5\libv5rt.a(vex_color.cpp.obj)
                0x03803050                vex::color::white
 *(.gnu.linkonce.b.*)
 *(COMMON)
 COMMON         0x03803058       0x18 C:\Program Files (x86)\VEX Robotics\VEXcode\sdk/vexv5\libv5rt.a(v5_startup.c.obj)
                0x0380305c                __vex_critical_section
                0x03803070                __bss_end = .
                0x03802c14                _SDA_BASE_ = (__sdata_start + ((__sbss_end - __sdata_start) / 0x2))
                0x038027c4                _SDA2_BASE_ = (__sdata2_start + ((__sbss2_end - __sdata2_start) / 0x2))

.heap           0x03803070   0x100000
                0x03803070                . = ALIGN (0x10)
 *fill*         0x03803070        0x0 
                0x03803070                _heap = .
                0x03803070                HeapBase = .
                0x03803070                _heap_start = .
                0x03903070                . = (. + _HEAP_SIZE)
 *fill*         0x03803070   0x100000 
                0x03903070                _heap_end = .
                0x03903070                HeapLimit = .

.stack          0x03903070     0x3800
                0x03903070                . = ALIGN (0x10)
                0x03903070                _stack_end = .
                0x03905070                . = (. + _STACK_SIZE)
 *fill*         0x03903070     0x2000 
                0x03905070                . = ALIGN (0x10)
                0x03905070                _stack = .
                0x03905070                __stack = _stack
                0x03905070                . = ALIGN (0x10)
                0x03905070                _irq_stack_end = .
                0x03905470                . = (. + _IRQ_STACK_SIZE)
 *fill*         0x03905070      0x400 
                0x03905470                . = ALIGN (0x10)
                0x03905470                __irq_stack = .
                0x03905470                _supervisor_stack_end = .
                0x03905c70                . = (. + _SUPERVISOR_STACK_SIZE)
 *fill*         0x03905470      0x800 
                0x03905c70                . = ALIGN (0x10)
                0x03905c70                __supervisor_stack = .
                0x03905c70                _abort_stack_end = .
                0x03906070                . = (. + _ABORT_STACK_SIZE)
 *fill*         0x03905c70      0x400 
                0x03906070                . = ALIGN (0x10)
                0x03906070                __abort_stack = .
                0x03906070                _fiq_stack_end = .
                0x03906470                . = (. + _FIQ_STACK_SIZE)
 *fill*         0x03906070      0x400 
                0x03906470                . = ALIGN (0x10)
                0x03906470                __fiq_stack = .
                0x03906470                _undef_stack_end = .
                0x03906870                . = (. + _UNDEF_STACK_SIZE)
 *fill*         0x03906470      0x400 
                0x03906870                . = ALIGN (0x10)
                0x03906870                __undef_stack = .
                0x03906870                _end = .
LOAD C:\Program Files (x86)\VEX Robotics\VEXcode\sdk/vexv5/stdlib_0.lib
LOAD build/src/main.o
START GROUP
LOAD C:\Program Files (x86)\VEX Robotics\VEXcode\sdk/vexv5\libv5rt.a
LOAD C:\Program Files (x86)\VEX Robotics\VEXcode\sdk/vexv5/gcc/libs\libstdc++.a
LOAD C:\Program Files (x86)\VEX Robotics\VEXcode\sdk/vexv5/gcc/libs\libc.a
LOAD C:\Program Files (x86)\VEX Robotics\VEXcode\sdk/vexv5/gcc/libs\libm.a
LOAD C:\Program Files (x86)\VEX Robotics\VEXcode\sdk/vexv5/gcc/libs\libgcc.a
END GROUP
OUTPUT(build/AutonGUI.elf elf32-littlearm)

.comment        0x00000000       0x9d
 .comment       0x00000000       0x2d build/src/main.o
                                 0x2e (size before relaxing)
 .comment       0x0000002d       0x70 C:\Program Files (x86)\VEX Robotics\VEXcode\sdk/vexv5\libv5rt.a(v5_startup.c.obj)
                                 0x71 (size before relaxing)
 .comment       0x00000000       0x71 C:\Program Files (x86)\VEX Robotics\VEXcode\sdk/vexv5\libv5rt.a(v5_util.c.obj)
 .comment       0x00000000       0x71 C:\Program Files (x86)\VEX Robotics\VEXcode\sdk/vexv5\libv5rt.a(v5_apijump.c.obj)
 .comment       0x00000000       0x71 C:\Program Files (x86)\VEX Robotics\VEXcode\sdk/vexv5\libv5rt.a(v5_apiversions.c.obj)
 .comment       0x00000000       0x71 C:\Program Files (x86)\VEX Robotics\VEXcode\sdk/vexv5\libv5rt.a(vex_global.cpp.obj)
 .comment       0x00000000       0x71 C:\Program Files (x86)\VEX Robotics\VEXcode\sdk/vexv5\libv5rt.a(vex_motor.cpp.obj)
 .comment       0x00000000       0x71 C:\Program Files (x86)\VEX Robotics\VEXcode\sdk/vexv5\libv5rt.a(vex_task.cpp.obj)
 .comment       0x00000000       0x71 C:\Program Files (x86)\VEX Robotics\VEXcode\sdk/vexv5\libv5rt.a(vex_brain.cpp.obj)
 .comment       0x00000000       0x71 C:\Program Files (x86)\VEX Robotics\VEXcode\sdk/vexv5\libv5rt.a(vex_triport.cpp.obj)
 .comment       0x00000000       0x71 C:\Program Files (x86)\VEX Robotics\VEXcode\sdk/vexv5\libv5rt.a(vex_color.cpp.obj)
 .comment       0x00000000       0x71 C:\Program Files (x86)\VEX Robotics\VEXcode\sdk/vexv5\libv5rt.a(vex_timer.cpp.obj)
 .comment       0x00000000       0x71 C:\Program Files (x86)\VEX Robotics\VEXcode\sdk/vexv5\libv5rt.a(vex_drivetrain.cpp.obj)
 .comment       0x00000000       0x71 C:\Program Files (x86)\VEX Robotics\VEXcode\sdk/vexv5\libv5rt.a(v5_apiuser.c.obj)
 .comment       0x00000000       0x71 C:\Program Files (x86)\VEX Robotics\VEXcode\sdk/vexv5\libv5rt.a(vex_device.cpp.obj)
 .comment       0x00000000       0x71 C:\Program Files (x86)\VEX Robotics\VEXcode\sdk/vexv5\libv5rt.a(vex_thread.cpp.obj)
 .comment       0x00000000       0x71 C:\Program Files (x86)\VEX Robotics\VEXcode\sdk/vexv5\libv5rt.a(vex_event.cpp.obj)
 .comment       0x00000000       0x71 C:\Program Files (x86)\VEX Robotics\VEXcode\sdk/vexv5\libv5rt.a(vex_mevent.cpp.obj)
 .comment       0x00000000       0x71 C:\Program Files (x86)\VEX Robotics\VEXcode\sdk/vexv5\libv5rt.a(vex_motorgroup.cpp.obj)

.note.GNU-stack
                0x00000000        0x0
 .note.GNU-stack
                0x00000000        0x0 build/src/main.o

.debug_frame    0x00000000       0x60
 .debug_frame   0x00000000       0x34 C:\Program Files (x86)\VEX Robotics\VEXcode\sdk/vexv5/gcc/libs\libc.a(lib_a-fini.o)
 .debug_frame   0x00000034       0x2c C:\Program Files (x86)\VEX Robotics\VEXcode\sdk/vexv5/gcc/libs\libc.a(lib_a-init.o)
