Archive member included because of file (symbol)

C:\Program Files (x86)\VEX Robotics\VEXcode\sdk/vexv5\libv5rt.a(v5_startup.c.obj)
                              (vexStartup)
C:\Program Files (x86)\VEX Robotics\VEXcode\sdk/vexv5\libv5rt.a(v5_util.c.obj)
                              C:\Program Files (x86)\VEX Robotics\VEXcode\sdk/vexv5\libv5rt.a(v5_startup.c.obj) (vexStdlibVersionLinked)
C:\Program Files (x86)\VEX Robotics\VEXcode\sdk/vexv5\libv5rt.a(v5_apijump.c.obj)
                              C:\Program Files (x86)\VEX Robotics\VEXcode\sdk/vexv5\libv5rt.a(v5_startup.c.obj) (vexPrivateApiEnable)
C:\Program Files (x86)\VEX Robotics\VEXcode\sdk/vexv5\libv5rt.a(v5_apiversions.c.obj)
                              C:\Program Files (x86)\VEX Robotics\VEXcode\sdk/vexv5\libv5rt.a(v5_apijump.c.obj) (vexSystemVersion)
C:\Program Files (x86)\VEX Robotics\VEXcode\sdk/vexv5\libv5rt.a(vex_global.cpp.obj)
                              build/src/main.o (vex::ratio18_1)
C:\Program Files (x86)\VEX Robotics\VEXcode\sdk/vexv5\libv5rt.a(vex_motor.cpp.obj)
                              build/src/main.o (vex::motor::~motor())
C:\Program Files (x86)\VEX Robotics\VEXcode\sdk/vexv5\libv5rt.a(vex_task.cpp.obj)
                              build/src/main.o (vex::task::sleep(unsigned long))
C:\Program Files (x86)\VEX Robotics\VEXcode\sdk/vexv5\libv5rt.a(vex_brain.cpp.obj)
                              build/src/main.o (vex::brain::~brain())
C:\Program Files (x86)\VEX Robotics\VEXcode\sdk/vexv5\libv5rt.a(vex_triport.cpp.obj)
                              C:\Program Files (x86)\VEX Robotics\VEXcode\sdk/vexv5\libv5rt.a(vex_brain.cpp.obj) (vex::triport::~triport())
C:\Program Files (x86)\VEX Robotics\VEXcode\sdk/vexv5\libv5rt.a(vex_color.cpp.obj)
                              C:\Program Files (x86)\VEX Robotics\VEXcode\sdk/vexv5\libv5rt.a(vex_brain.cpp.obj) (vex::color::operator unsigned long() const)
C:\Program Files (x86)\VEX Robotics\VEXcode\sdk/vexv5\libv5rt.a(vex_timer.cpp.obj)
                              C:\Program Files (x86)\VEX Robotics\VEXcode\sdk/vexv5\libv5rt.a(vex_brain.cpp.obj) (vex::timer::~timer())
C:\Program Files (x86)\VEX Robotics\VEXcode\sdk/vexv5\libv5rt.a(v5_apiuser.c.obj)
                              C:\Program Files (x86)\VEX Robotics\VEXcode\sdk/vexv5\libv5rt.a(vex_triport.cpp.obj) (vexAdiPortConfigSet)
C:\Program Files (x86)\VEX Robotics\VEXcode\sdk/vexv5\libv5rt.a(vex_device.cpp.obj)
                              C:\Program Files (x86)\VEX Robotics\VEXcode\sdk/vexv5\libv5rt.a(vex_triport.cpp.obj) (vex::device::value())
C:\Program Files (x86)\VEX Robotics\VEXcode\sdk/vexv5\libv5rt.a(vex_event.cpp.obj)
                              C:\Program Files (x86)\VEX Robotics\VEXcode\sdk/vexv5\libv5rt.a(vex_brain.cpp.obj) (vex::event::init(unsigned long, unsigned long, void (*)()))
C:\Program Files (x86)\VEX Robotics\VEXcode\sdk/vexv5\libv5rt.a(vex_mevent.cpp.obj)
                              C:\Program Files (x86)\VEX Robotics\VEXcode\sdk/vexv5\libv5rt.a(vex_brain.cpp.obj) (vex::mevent::mevent(unsigned long, unsigned long))
C:\Program Files (x86)\VEX Robotics\VEXcode\sdk/vexv5/gcc/libs\libc.a(lib_a-fini.o)
                              C:\Program Files (x86)\VEX Robotics\VEXcode\sdk/vexv5\libv5rt.a(v5_startup.c.obj) (__libc_fini_array)
C:\Program Files (x86)\VEX Robotics\VEXcode\sdk/vexv5/gcc/libs\libc.a(lib_a-impure.o)
                              C:\Program Files (x86)\VEX Robotics\VEXcode\sdk/vexv5\libv5rt.a(v5_startup.c.obj) (_impure_ptr)
C:\Program Files (x86)\VEX Robotics\VEXcode\sdk/vexv5/gcc/libs\libc.a(lib_a-init.o)
                              C:\Program Files (x86)\VEX Robotics\VEXcode\sdk/vexv5\libv5rt.a(v5_startup.c.obj) (__libc_init_array)
C:\Program Files (x86)\VEX Robotics\VEXcode\sdk/vexv5/gcc/libs\libc.a(lib_a-tolower.o)
                              C:\Program Files (x86)\VEX Robotics\VEXcode\sdk/vexv5\libv5rt.a(vex_brain.cpp.obj) (tolower)
C:\Program Files (x86)\VEX Robotics\VEXcode\sdk/vexv5/gcc/libs\libc.a(lib_a-ctype_.o)
                              C:\Program Files (x86)\VEX Robotics\VEXcode\sdk/vexv5/gcc/libs\libc.a(lib_a-tolower.o) (__ctype_ptr__)

Allocating common symbols
Common symbol       size              file

__bss_end           0x4               C:\Program Files (x86)\VEX Robotics\VEXcode\sdk/vexv5\libv5rt.a(v5_startup.c.obj)
__vex_critical_section
                    0x1               C:\Program Files (x86)\VEX Robotics\VEXcode\sdk/vexv5\libv5rt.a(v5_startup.c.obj)
__sbss_start        0x4               C:\Program Files (x86)\VEX Robotics\VEXcode\sdk/vexv5\libv5rt.a(v5_startup.c.obj)
__bss_start         0x4               C:\Program Files (x86)\VEX Robotics\VEXcode\sdk/vexv5\libv5rt.a(v5_startup.c.obj)
__stack             0x4               C:\Program Files (x86)\VEX Robotics\VEXcode\sdk/vexv5\libv5rt.a(v5_startup.c.obj)
[...]
Memory Configuration

Name             Origin             Length             Attributes
ps7_ddr_0_S_AXI_BASEADDR 0x03800000         0x04800000
*default*        0x00000000         0xffffffff

Linker script and memory map

                0x00002000                _STACK_SIZE = DEFINED (_STACK_SIZE)?_STACK_SIZE:0x2000
                0x00100000                _HEAP_SIZE = DEFINED (_HEAP_SIZE)?_HEAP_SIZE:0x100000
                0x00000400                _ABORT_STACK_SIZE = DEFINED (_ABORT_STACK_SIZE)?_ABORT_STACK_SIZE:0x400
                0x00000800                _SUPERVISOR_STACK_SIZE = DEFINED (_SUPERVISOR_STACK_SIZE)?_SUPERVISOR_STACK_SIZE:0x800
                0x00000400                _IRQ_STACK_SIZE = DEFINED (_IRQ_STACK_SIZE)?_IRQ_STACK_SIZE:0x400
                0x00000400                _FIQ_STACK_SIZE = DEFINED (_FIQ_STACK_SIZE)?_FIQ_STACK_SIZE:0x400
                0x00000400                _UNDEF_STACK_SIZE = DEFINED (_UNDEF_STACK_SIZE)?_UNDEF_STACK_SIZE:0x400

.text           0x03800000     0x2ad8
 *(.vectors)
 *(.boot_data)
 .boot_data     0x03800000       0x20 C:\Program Files (x86)\VEX Robotics\VEXcode\sdk/vexv5\libv5rt.a(v5_startup.c.obj)
                0x03800000                vexCodeSig
                0x00000020                . = 0x20
 *(.boot)
 .boot          0x03800020       0xbc C:\Program Files (x86)\VEX Robotics\VEXcode\sdk/vexv5\libv5rt.a(v5_startup.c.obj)
                0x03800020                vexStartup
                0x03800100                . = ALIGN (0x40)
 *fill*         0x038000dc       0x24 
 *(.freertos_vectors)
 *(.text)
 *(.text.*)
 .text._Z10turningDegd
                0x03800100       0xa0 build/src/main.o
                0x03800100                turningDeg(double)
 .text._Z9moveForCMdi
                0x038001a0       0x90 build/src/main.o
                0x038001a0                moveForCM(double, int)
 .text._Z18OhNoStopEverythingv
                0x03800230       0x68 build/src/main.o
                0x03800230                OhNoStopEverything()
 .text._Z9draw_gridv
                0x03800298      0x154 build/src/main.o
                0x03800298                draw_grid()
 .text._Z10draw_touchv
                0x038003ec       0x50 build/src/main.o
                0x038003ec                draw_touch()
 *fill*         0x0380043c        0x4 
 .text._Z10autonomousv
                0x03800440      0x5a0 build/src/main.o
                0x03800440                autonomous()
 .text._Z9pre_autonv
                0x038009e0      0x13c build/src/main.o
                0x038009e0                pre_auton()
 .text.main     0x03800b1c        0xc build/src/main.o
                0x03800b1c                main
 .text._GLOBAL__sub_I_main.cpp
                0x03800b28      0x1b4 build/src/main.o
 .text.vexMain  0x03800cdc       0xb0 C:\Program Files (x86)\VEX Robotics\VEXcode\sdk/vexv5\libv5rt.a(v5_startup.c.obj)
                0x03800cdc                vexMain
 .text.__vex_function_prolog
                0x03800d8c       0x18 C:\Program Files (x86)\VEX Robotics\VEXcode\sdk/vexv5\libv5rt.a(v5_startup.c.obj)
                0x03800d8c                __vex_function_prolog
 .text._init    0x03800da4        0x4 C:\Program Files (x86)\VEX Robotics\VEXcode\sdk/vexv5\libv5rt.a(v5_startup.c.obj)
                0x03800da4                _init
 .text._fini    0x03800da8        0x4 C:\Program Files (x86)\VEX Robotics\VEXcode\sdk/vexv5\libv5rt.a(v5_startup.c.obj)
                0x03800da8                _fini
 .text.vexStdlibVersionLinked
                0x03800dac        0xc C:\Program Files (x86)\VEX Robotics\VEXcode\sdk/vexv5\libv5rt.a(v5_util.c.obj)
                0x03800dac                vexStdlibVersionLinked
 .text.vexStdlibVersionVerify
                0x03800db8       0x30 C:\Program Files (x86)\VEX Robotics\VEXcode\sdk/vexv5\libv5rt.a(v5_util.c.obj)
                0x03800db8                vexStdlibVersionVerify
 .text.vexPrivateApiEnable
                0x03800de8       0x10 C:\Program Files (x86)\VEX Robotics\VEXcode\sdk/vexv5\libv5rt.a(v5_apijump.c.obj)
                0x03800de8                vexPrivateApiEnable
 .text.vexStdlibMismatchError
                0x03800df8       0x3c C:\Program Files (x86)\VEX Robotics\VEXcode\sdk/vexv5\libv5rt.a(v5_apijump.c.obj)
                0x03800df8                vexStdlibMismatchError
 .text.vexTaskAdd
                0x03800e34       0x10 C:\Program Files (x86)\VEX Robotics\VEXcode\sdk/vexv5\libv5rt.a(v5_apijump.c.obj)
                0x03800e34                vexTaskAdd
 .text.vexTasksRun
                0x03800e44       0x10 C:\Program Files (x86)\VEX Robotics\VEXcode\sdk/vexv5\libv5rt.a(v5_apijump.c.obj)
                0x03800e44                vexTasksRun
 .text.vexTaskCheckTimeslice
                0x03800e54       0x10 C:\Program Files (x86)\VEX Robotics\VEXcode\sdk/vexv5\libv5rt.a(v5_apijump.c.obj)
                0x03800e54                vexTaskCheckTimeslice
 .text.vexTaskSleep
                0x03800e64       0x10 C:\Program Files (x86)\VEX Robotics\VEXcode\sdk/vexv5\libv5rt.a(v5_apijump.c.obj)
                0x03800e64                vexTaskSleep
 .text.vexTasksDump
                0x03800e74       0x1c C:\Program Files (x86)\VEX Robotics\VEXcode\sdk/vexv5\libv5rt.a(v5_apijump.c.obj)
                0x03800e74                vexTasksDump
 .text.vexTaskGetTaskIndex
                0x03800e90       0x10 C:\Program Files (x86)\VEX Robotics\VEXcode\sdk/vexv5\libv5rt.a(v5_apijump.c.obj)
                0x03800e90                vexTaskGetTaskIndex
 .text.vexTaskStopAll
                0x03800ea0       0x10 C:\Program Files (x86)\VEX Robotics\VEXcode\sdk/vexv5\libv5rt.a(v5_apijump.c.obj)
                0x03800ea0                vexTaskStopAll
 .text.vexTaskCompletionIdSet
                0x03800eb0       0x10 C:\Program Files (x86)\VEX Robotics\VEXcode\sdk/vexv5\libv5rt.a(v5_apijump.c.obj)
                0x03800eb0                vexTaskCompletionIdSet
 .text.vexCriticalSection
                0x03800ec0       0x2c C:\Program Files (x86)\VEX Robotics\VEXcode\sdk/vexv5\libv5rt.a(v5_apijump.c.obj)
                0x03800ec0                vexCriticalSection
 .text.vexEventAdd
                0x03800eec       0x34 C:\Program Files (x86)\VEX Robotics\VEXcode\sdk/vexv5\libv5rt.a(v5_apijump.c.obj)
                0x03800eec                vexEventAdd
 .text.vexEventUserIndexGet
                0x03800f20       0x1c C:\Program Files (x86)\VEX Robotics\VEXcode\sdk/vexv5\libv5rt.a(v5_apijump.c.obj)
                0x03800f20                vexEventUserIndexGet
 .text.vexDebug
                0x03800f3c       0x38 C:\Program Files (x86)\VEX Robotics\VEXcode\sdk/vexv5\libv5rt.a(v5_apijump.c.obj)
                0x03800f3c                vexDebug
 .text.vex_vsnprintf
                0x03800f74       0x3c C:\Program Files (x86)\VEX Robotics\VEXcode\sdk/vexv5\libv5rt.a(v5_apijump.c.obj)
                0x03800f74                vex_vsnprintf
 .text.vexSystemTimeGet
                0x03800fb0       0x1c C:\Program Files (x86)\VEX Robotics\VEXcode\sdk/vexv5\libv5rt.a(v5_apijump.c.obj)
                0x03800fb0                vexSystemTimeGet
 .text.vexSystemExitRequest
                0x03800fcc       0x1c C:\Program Files (x86)\VEX Robotics\VEXcode\sdk/vexv5\libv5rt.a(v5_apijump.c.obj)
                0x03800fcc                vexSystemExitRequest
 .text.vexDeviceGetByIndex
                0x03800fe8       0x24 C:\Program Files (x86)\VEX Robotics\VEXcode\sdk/vexv5\libv5rt.a(v5_apijump.c.obj)
                0x03800fe8                vexDeviceGetByIndex
 .text.vexDeviceAdiPortConfigSet
                0x0380100c       0x34 C:\Program Files (x86)\VEX Robotics\VEXcode\sdk/vexv5\libv5rt.a(v5_apijump.c.obj)
                0x0380100c                vexDeviceAdiPortConfigSet
 .text.vexDeviceMotorVelocitySet
                0x03801040       0x2c C:\Program Files (x86)\VEX Robotics\VEXcode\sdk/vexv5\libv5rt.a(v5_apijump.c.obj)
                0x03801040                vexDeviceMotorVelocitySet
 .text.vexDeviceMotorActualVelocityGet
                0x0380106c       0x24 C:\Program Files (x86)\VEX Robotics\VEXcode\sdk/vexv5\libv5rt.a(v5_apijump.c.obj)
                0x0380106c                vexDeviceMotorActualVelocityGet
 .text.vexDeviceMotorZeroPositionFlagGet
                0x03801090       0x24 C:\Program Files (x86)\VEX Robotics\VEXcode\sdk/vexv5\libv5rt.a(v5_apijump.c.obj)
                0x03801090                vexDeviceMotorZeroPositionFlagGet
 .text.vexDeviceMotorReverseFlagSet
                0x038010b4       0x2c C:\Program Files (x86)\VEX Robotics\VEXcode\sdk/vexv5\libv5rt.a(v5_apijump.c.obj)
                0x038010b4                vexDeviceMotorReverseFlagSet
 .text.vexDeviceMotorEncoderUnitsSet
                0x038010e0       0x2c C:\Program Files (x86)\VEX Robotics\VEXcode\sdk/vexv5\libv5rt.a(v5_apijump.c.obj)
                0x038010e0                vexDeviceMotorEncoderUnitsSet
 .text.vexDeviceMotorBrakeModeSet
                0x0380110c       0x2c C:\Program Files (x86)\VEX Robotics\VEXcode\sdk/vexv5\libv5rt.a(v5_apijump.c.obj)
                0x0380110c                vexDeviceMotorBrakeModeSet
 .text.vexDeviceMotorPositionSet
                0x03801138       0x34 C:\Program Files (x86)\VEX Robotics\VEXcode\sdk/vexv5\libv5rt.a(v5_apijump.c.obj)
                0x03801138                vexDeviceMotorPositionSet
 .text.vexDeviceMotorRelativeTargetSet
                0x0380116c       0x3c C:\Program Files (x86)\VEX Robotics\VEXcode\sdk/vexv5\libv5rt.a(v5_apijump.c.obj)
                0x0380116c                vexDeviceMotorRelativeTargetSet
 .text.vexDeviceMotorGearingSet
                0x038011a8       0x2c C:\Program Files (x86)\VEX Robotics\VEXcode\sdk/vexv5\libv5rt.a(v5_apijump.c.obj)
                0x038011a8                vexDeviceMotorGearingSet
 .text.vexDeviceMotorGearingGet
                0x038011d4       0x24 C:\Program Files (x86)\VEX Robotics\VEXcode\sdk/vexv5\libv5rt.a(v5_apijump.c.obj)
                0x038011d4                vexDeviceMotorGearingGet
 .text.vexDisplayForegroundColor
                0x038011f8       0x24 C:\Program Files (x86)\VEX Robotics\VEXcode\sdk/vexv5\libv5rt.a(v5_apijump.c.obj)
                0x038011f8                vexDisplayForegroundColor
 .text.vexDisplayBackgroundColor
                0x0380121c       0x24 C:\Program Files (x86)\VEX Robotics\VEXcode\sdk/vexv5\libv5rt.a(v5_apijump.c.obj)
                0x0380121c                vexDisplayBackgroundColor
 .text.vexDisplayBackgroundColorGet
                0x03801240       0x1c C:\Program Files (x86)\VEX Robotics\VEXcode\sdk/vexv5\libv5rt.a(v5_apijump.c.obj)
                0x03801240                vexDisplayBackgroundColorGet
 .text.vexDisplayPixelSet
                0x0380125c       0x38 C:\Program Files (x86)\VEX Robotics\VEXcode\sdk/vexv5\libv5rt.a(v5_apijump.c.obj)
                0x0380125c                vexDisplayPixelSet
 .text.vexDisplayLineDraw
                0x03801294       0x4c C:\Program Files (x86)\VEX Robotics\VEXcode\sdk/vexv5\libv5rt.a(v5_apijump.c.obj)
                0x03801294                vexDisplayLineDraw
 .text.vexDisplayRectClear
                0x038012e0       0x4c C:\Program Files (x86)\VEX Robotics\VEXcode\sdk/vexv5\libv5rt.a(v5_apijump.c.obj)
                0x038012e0                vexDisplayRectClear
 .text.vexDisplayCircleDraw
                0x0380132c       0x40 C:\Program Files (x86)\VEX Robotics\VEXcode\sdk/vexv5\libv5rt.a(v5_apijump.c.obj)
                0x0380132c                vexDisplayCircleDraw
 .text.vexDisplayCircleClear
                0x0380136c       0x40 C:\Program Files (x86)\VEX Robotics\VEXcode\sdk/vexv5\libv5rt.a(v5_apijump.c.obj)
                0x0380136c                vexDisplayCircleClear
 .text.vexDisplayPrintf
                0x038013ac       0x68 C:\Program Files (x86)\VEX Robotics\VEXcode\sdk/vexv5\libv5rt.a(v5_apijump.c.obj)
                0x038013ac                vexDisplayPrintf
 .text.vexDisplayTextReference
                0x03801414       0x24 C:\Program Files (x86)\VEX Robotics\VEXcode\sdk/vexv5\libv5rt.a(v5_apijump.c.obj)
                0x03801414                vexDisplayTextReference
 .text.vexDisplayTextSize
                0x03801438       0x2c C:\Program Files (x86)\VEX Robotics\VEXcode\sdk/vexv5\libv5rt.a(v5_apijump.c.obj)
                0x03801438                vexDisplayTextSize
 .text.vexDisplayFontNamedSet
                0x03801464       0x24 C:\Program Files (x86)\VEX Robotics\VEXcode\sdk/vexv5\libv5rt.a(v5_apijump.c.obj)
                0x03801464                vexDisplayFontNamedSet
 .text.vexDisplayStringWidthGet
                0x03801488       0x24 C:\Program Files (x86)\VEX Robotics\VEXcode\sdk/vexv5\libv5rt.a(v5_apijump.c.obj)
                0x03801488                vexDisplayStringWidthGet
 .text.vexDisplayPenSizeGet
                0x038014ac       0x1c C:\Program Files (x86)\VEX Robotics\VEXcode\sdk/vexv5\libv5rt.a(v5_apijump.c.obj)
                0x038014ac                vexDisplayPenSizeGet
 .text.vexSystemStdlibImpureDataAddr
                0x038014c8       0x28 C:\Program Files (x86)\VEX Robotics\VEXcode\sdk/vexv5\libv5rt.a(v5_apijump.c.obj)
                0x038014c8                vexSystemStdlibImpureDataAddr
 .text.vexSystemStdlibImpureDataSize
                0x038014f0       0x28 C:\Program Files (x86)\VEX Robotics\VEXcode\sdk/vexv5\libv5rt.a(v5_apijump.c.obj)
                0x038014f0                vexSystemStdlibImpureDataSize
 .text.vexSystemSaveUserData
                0x03801518       0x3c C:\Program Files (x86)\VEX Robotics\VEXcode\sdk/vexv5\libv5rt.a(v5_apijump.c.obj)
                0x03801518                vexSystemSaveUserData
 .text.vexTouchDataGet
                0x03801554       0x10 C:\Program Files (x86)\VEX Robotics\VEXcode\sdk/vexv5\libv5rt.a(v5_apijump.c.obj)
                0x03801554                vexTouchDataGet
 .text.vexDisplayThemeIdGet
                0x03801564       0x38 C:\Program Files (x86)\VEX Robotics\VEXcode\sdk/vexv5\libv5rt.a(v5_apijump.c.obj)
                0x03801564                vexDisplayThemeIdGet
 .text.vexDisplayRender
                0x0380159c       0x2c C:\Program Files (x86)\VEX Robotics\VEXcode\sdk/vexv5\libv5rt.a(v5_apijump.c.obj)
                0x0380159c                vexDisplayRender
 .text.vexDeviceEventMaskSet
                0x038015c8       0x48 C:\Program Files (x86)\VEX Robotics\VEXcode\sdk/vexv5\libv5rt.a(v5_apijump.c.obj)
                0x038015c8                vexDeviceEventMaskSet
 .text.vexDeviceEventMaskGet
                0x03801610       0x3c C:\Program Files (x86)\VEX Robotics\VEXcode\sdk/vexv5\libv5rt.a(v5_apijump.c.obj)
                0x03801610                vexDeviceEventMaskGet
 .text.vexSystemVersion
                0x0380164c       0x10 C:\Program Files (x86)\VEX Robotics\VEXcode\sdk/vexv5\libv5rt.a(v5_apiversions.c.obj)
                0x0380164c                vexSystemVersion
 .text.vexStdlibVersion
                0x0380165c       0x10 C:\Program Files (x86)\VEX Robotics\VEXcode\sdk/vexv5\libv5rt.a(v5_apiversions.c.obj)
                0x0380165c                vexStdlibVersion
 .text._ZN3vex5motor9installedEv
                0x0380166c       0x18 C:\Program Files (x86)\VEX Robotics\VEXcode\sdk/vexv5\libv5rt.a(vex_motor.cpp.obj)
                0x0380166c                vex::motor::installed()
 .text._ZN3vex5motorD2Ev
                0x03801684       0x20 C:\Program Files (x86)\VEX Robotics\VEXcode\sdk/vexv5\libv5rt.a(vex_motor.cpp.obj)
                0x03801684                vex::motor::~motor()
                0x03801684                vex::motor::~motor()
 .text._ZN3vex5motor15defaultStoppingENS_9brakeTypeE
                0x038016a4       0x30 C:\Program Files (x86)\VEX Robotics\VEXcode\sdk/vexv5\libv5rt.a(vex_motor.cpp.obj)
                0x038016a4                vex::motor::defaultStopping(vex::brakeType)
 .text._ZN3vex5motorC2El
                0x038016d4       0x70 C:\Program Files (x86)\VEX Robotics\VEXcode\sdk/vexv5\libv5rt.a(vex_motor.cpp.obj)
                0x038016d4                vex::motor::motor(long)
                0x038016d4                vex::motor::motor(long)
 .text._ZN3vex5motorC2ElNS_11gearSettingEb
                0x03801744       0x34 C:\Program Files (x86)\VEX Robotics\VEXcode\sdk/vexv5\libv5rt.a(vex_motor.cpp.obj)
                0x03801744                vex::motor::motor(long, vex::gearSetting, bool)
                0x03801744                vex::motor::motor(long, vex::gearSetting, bool)
 .text._ZN3vex5motor4stopENS_9brakeTypeE
                0x03801778       0x30 C:\Program Files (x86)\VEX Robotics\VEXcode\sdk/vexv5\libv5rt.a(vex_motor.cpp.obj)
                0x03801778                vex::motor::stop(vex::brakeType)
 .text._ZN3vex5motor4stopEv
                0x038017a8        0x8 C:\Program Files (x86)\VEX Robotics\VEXcode\sdk/vexv5\libv5rt.a(vex_motor.cpp.obj)
                0x038017a8                vex::motor::stop()
 .text._ZN3vex5motor16velocityToScaledEdNS_13velocityUnitsE
                0x038017b0       0x5c C:\Program Files (x86)\VEX Robotics\VEXcode\sdk/vexv5\libv5rt.a(vex_motor.cpp.obj)
                0x038017b0                vex::motor::velocityToScaled(double, vex::velocityUnits)
 .text._ZN3vex5motor8velocityENS_13velocityUnitsE
                0x0380180c       0x30 C:\Program Files (x86)\VEX Robotics\VEXcode\sdk/vexv5\libv5rt.a(vex_motor.cpp.obj)
                0x0380180c                vex::motor::velocity(vex::velocityUnits)
 .text._ZN3vex5motor5valueEv
                0x0380183c       0x1c C:\Program Files (x86)\VEX Robotics\VEXcode\sdk/vexv5\libv5rt.a(vex_motor.cpp.obj)
                0x0380183c                vex::motor::value()
 .text._ZN3vex5motor16scaledToVelocityEdNS_13velocityUnitsE
                0x03801858       0xa4 C:\Program Files (x86)\VEX Robotics\VEXcode\sdk/vexv5\libv5rt.a(vex_motor.cpp.obj)
                0x03801858                vex::motor::scaledToVelocity(double, vex::velocityUnits)
 .text._ZN3vex5motor16setRotationUnitsENS_13rotationUnitsE
                0x038018fc       0x1c C:\Program Files (x86)\VEX Robotics\VEXcode\sdk/vexv5\libv5rt.a(vex_motor.cpp.obj)
                0x038018fc                vex::motor::setRotationUnits(vex::rotationUnits)
 .text._ZN3vex5motor9rotateForEdNS_13rotationUnitsEdNS_13velocityUnitsEb
                0x03801918       0xe0 C:\Program Files (x86)\VEX Robotics\VEXcode\sdk/vexv5\libv5rt.a(vex_motor.cpp.obj)
                0x03801918                vex::motor::rotateFor(double, vex::rotationUnits, double, vex::velocityUnits, bool)
 .text._ZN3vex5motor9rotateForENS_13directionTypeEdNS_13rotationUnitsEdNS_13velocityUnitsEb
                0x038019f8       0x34 C:\Program Files (x86)\VEX Robotics\VEXcode\sdk/vexv5\libv5rt.a(vex_motor.cpp.obj)
                0x038019f8                vex::motor::rotateFor(vex::directionType, double, vex::rotationUnits, double, vex::velocityUnits, bool)
 .text.startup._GLOBAL__sub_I__ZN3vex5motorC2El
                0x03801a2c       0x30 C:\Program Files (x86)\VEX Robotics\VEXcode\sdk/vexv5\libv5rt.a(vex_motor.cpp.obj)
 .text._ZN3vex4task5sleepEm
                0x03801a5c        0x4 C:\Program Files (x86)\VEX Robotics\VEXcode\sdk/vexv5\libv5rt.a(vex_task.cpp.obj)
                0x03801a5c                vex::task::sleep(unsigned long)
 .text._ZN3vex5brainD2Ev
                0x03801a60       0x20 C:\Program Files (x86)\VEX Robotics\VEXcode\sdk/vexv5\libv5rt.a(vex_brain.cpp.obj)
                0x03801a60                vex::brain::~brain()
                0x03801a60                vex::brain::~brain()
 .text._ZN3vex5brain9_getIndexEv
                0x03801a80       0x10 C:\Program Files (x86)\VEX Robotics\VEXcode\sdk/vexv5\libv5rt.a(vex_brain.cpp.obj)
                0x03801a80                vex::brain::_getIndex()
 .text._ZN3vex5brain3lcd9setCursorEll
                0x03801a90       0x44 C:\Program Files (x86)\VEX Robotics\VEXcode\sdk/vexv5\libv5rt.a(vex_brain.cpp.obj)
                0x03801a90                vex::brain::lcd::setCursor(long, long)
 .text._ZN3vex5brain3lcd7setFontENS_8fontTypeE
                0x03801ad4      0x228 C:\Program Files (x86)\VEX Robotics\VEXcode\sdk/vexv5\libv5rt.a(vex_brain.cpp.obj)
                0x03801ad4                vex::brain::lcd::setFont(vex::fontType)
 .text._ZN3vex5brain3lcdC2Ev
                0x03801cfc       0x94 C:\Program Files (x86)\VEX Robotics\VEXcode\sdk/vexv5\libv5rt.a(vex_brain.cpp.obj)
                0x03801cfc                vex::brain::lcd::lcd()
                0x03801cfc                vex::brain::lcd::lcd()
 .text._ZN3vex5brainC2Ev
                0x03801d90       0x40 C:\Program Files (x86)\VEX Robotics\VEXcode\sdk/vexv5\libv5rt.a(vex_brain.cpp.obj)
                0x03801d90                vex::brain::brain()
                0x03801d90                vex::brain::brain()
 .text._ZN3vex5brain3lcd11setPenColorERKNS_5colorE
                0x03801dd0       0x14 C:\Program Files (x86)\VEX Robotics\VEXcode\sdk/vexv5\libv5rt.a(vex_brain.cpp.obj)
                0x03801dd0                vex::brain::lcd::setPenColor(vex::color const&)
 .text._ZN3vex5brain3lcd7printAtEllPKcz
                0x03801de4       0x6c C:\Program Files (x86)\VEX Robotics\VEXcode\sdk/vexv5\libv5rt.a(vex_brain.cpp.obj)
                0x03801de4                vex::brain::lcd::printAt(long, long, char const*, ...)
 .text._ZN3vex5brain3lcd12_clearScreenEm
                0x03801e50       0x38 C:\Program Files (x86)\VEX Robotics\VEXcode\sdk/vexv5\libv5rt.a(vex_brain.cpp.obj)
                0x03801e50                vex::brain::lcd::_clearScreen(unsigned long)
 .text._ZN3vex5brain3lcd11clearScreenERKNS_5colorE
                0x03801e88       0x20 C:\Program Files (x86)\VEX Robotics\VEXcode\sdk/vexv5\libv5rt.a(vex_brain.cpp.obj)
                0x03801e88                vex::brain::lcd::clearScreen(vex::color const&)
 .text._ZN3vex5brain3lcd11clearScreenEv
                0x03801ea8       0x2c C:\Program Files (x86)\VEX Robotics\VEXcode\sdk/vexv5\libv5rt.a(vex_brain.cpp.obj)
                0x03801ea8                vex::brain::lcd::clearScreen()
 .text._ZN3vex5brain3lcd9drawPixelEii
                0x03801ed4       0x14 C:\Program Files (x86)\VEX Robotics\VEXcode\sdk/vexv5\libv5rt.a(vex_brain.cpp.obj)
                0x03801ed4                vex::brain::lcd::drawPixel(int, int)
 .text._ZN3vex5brain3lcd8drawLineEiiii
                0x03801ee8      0x2c4 C:\Program Files (x86)\VEX Robotics\VEXcode\sdk/vexv5\libv5rt.a(vex_brain.cpp.obj)
                0x03801ee8                vex::brain::lcd::drawLine(int, int, int, int)
 .text._ZN3vex5brain3lcd10drawCircleEiii
                0x038021ac       0xa4 C:\Program Files (x86)\VEX Robotics\VEXcode\sdk/vexv5\libv5rt.a(vex_brain.cpp.obj)
                0x038021ac                vex::brain::lcd::drawCircle(int, int, int)
 .text._ZN3vex5brain3lcd7newLineEv
                0x03802250       0x20 C:\Program Files (x86)\VEX Robotics\VEXcode\sdk/vexv5\libv5rt.a(vex_brain.cpp.obj)
                0x03802250                vex::brain::lcd::newLine()
 .text._ZN3vex5brain3lcd9xPositionEv
                0x03802270       0x24 C:\Program Files (x86)\VEX Robotics\VEXcode\sdk/vexv5\libv5rt.a(vex_brain.cpp.obj)
                0x03802270                vex::brain::lcd::xPosition()
 .text._ZN3vex5brain3lcd9yPositionEv
                0x03802294       0x24 C:\Program Files (x86)\VEX Robotics\VEXcode\sdk/vexv5\libv5rt.a(vex_brain.cpp.obj)
                0x03802294                vex::brain::lcd::yPosition()
 .text._ZN3vex5brain3lcd8pressingEv
                0x038022b8       0x20 C:\Program Files (x86)\VEX Robotics\VEXcode\sdk/vexv5\libv5rt.a(vex_brain.cpp.obj)
                0x038022b8                vex::brain::lcd::pressing()
 .text._ZN3vex5brain3lcd6renderEv
                0x038022d8        0xc C:\Program Files (x86)\VEX Robotics\VEXcode\sdk/vexv5\libv5rt.a(vex_brain.cpp.obj)
                0x038022d8                vex::brain::lcd::render()
 .text._ZN3vex5brain3lcd6renderEbb
                0x038022e4        0xc C:\Program Files (x86)\VEX Robotics\VEXcode\sdk/vexv5\libv5rt.a(vex_brain.cpp.obj)
                0x038022e4                vex::brain::lcd::render(bool, bool)
 .text._ZN3vex5brain3lcd10rowToPixelEl
                0x038022f0       0x34 C:\Program Files (x86)\VEX Robotics\VEXcode\sdk/vexv5\libv5rt.a(vex_brain.cpp.obj)
                0x038022f0                vex::brain::lcd::rowToPixel(long)
 .text._ZN3vex5brain3lcd10colToPixelEl
                0x03802324       0x1c C:\Program Files (x86)\VEX Robotics\VEXcode\sdk/vexv5\libv5rt.a(vex_brain.cpp.obj)
                0x03802324                vex::brain::lcd::colToPixel(long)
 .text._ZN3vex5brain3lcd5printEPKcz
                0x03802340       0xa0 C:\Program Files (x86)\VEX Robotics\VEXcode\sdk/vexv5\libv5rt.a(vex_brain.cpp.obj)
                0x03802340                vex::brain::lcd::print(char const*, ...)
 .text._ZN3vex7triport9installedEv
                0x038023e0       0x18 C:\Program Files (x86)\VEX Robotics\VEXcode\sdk/vexv5\libv5rt.a(vex_triport.cpp.obj)
                0x038023e0                vex::triport::installed()
 .text._ZN3vex7triportD2Ev
                0x038023f8       0x38 C:\Program Files (x86)\VEX Robotics\VEXcode\sdk/vexv5\libv5rt.a(vex_triport.cpp.obj)
                0x038023f8                vex::triport::~triport()
                0x038023f8                vex::triport::~triport()
 .text._ZN3vex7triport4portC2ElPS0_
                0x03802430       0x90 C:\Program Files (x86)\VEX Robotics\VEXcode\sdk/vexv5\libv5rt.a(vex_triport.cpp.obj)
                0x03802430                vex::triport::port::port(long, vex::triport*)
                0x03802430                vex::triport::port::port(long, vex::triport*)
 .text._ZN3vex7triportC2El
                0x038024c0       0xf0 C:\Program Files (x86)\VEX Robotics\VEXcode\sdk/vexv5\libv5rt.a(vex_triport.cpp.obj)
                0x038024c0                vex::triport::triport(long)
                0x038024c0                vex::triport::triport(long)
 .text.startup._GLOBAL__sub_I__ZN3vex7triportC2El
                0x038025b0       0x30 C:\Program Files (x86)\VEX Robotics\VEXcode\sdk/vexv5\libv5rt.a(vex_triport.cpp.obj)
 .text._ZN3vex5colorD2Ev
                0x038025e0        0x4 C:\Program Files (x86)\VEX Robotics\VEXcode\sdk/vexv5\libv5rt.a(vex_color.cpp.obj)
                0x038025e0                vex::color::~color()
                0x038025e0                vex::color::~color()
 .text._ZNK3vex5colorcvmEv
                0x038025e4        0x8 C:\Program Files (x86)\VEX Robotics\VEXcode\sdk/vexv5\libv5rt.a(vex_color.cpp.obj)
                0x038025e4                vex::color::operator unsigned long() const
 .text.startup._GLOBAL__sub_I__ZN3vex5color5blackE
                0x038025ec      0x164 C:\Program Files (x86)\VEX Robotics\VEXcode\sdk/vexv5\libv5rt.a(vex_color.cpp.obj)
 .text._ZN3vex5timerD2Ev
                0x03802750        0x4 C:\Program Files (x86)\VEX Robotics\VEXcode\sdk/vexv5\libv5rt.a(vex_timer.cpp.obj)
                0x03802750                vex::timer::~timer()
                0x03802750                vex::timer::~timer()
 .text._ZN3vex5timer5clearEv
                0x03802754       0x1c C:\Program Files (x86)\VEX Robotics\VEXcode\sdk/vexv5\libv5rt.a(vex_timer.cpp.obj)
                0x03802754                vex::timer::clear()
 .text._ZN3vex5timerC2Ev
                0x03802770       0x14 C:\Program Files (x86)\VEX Robotics\VEXcode\sdk/vexv5\libv5rt.a(vex_timer.cpp.obj)
                0x03802770                vex::timer::timer()
                0x03802770                vex::timer::timer()
 .text.vexAdiPortConfigSet
                0x03802784       0x28 C:\Program Files (x86)\VEX Robotics\VEXcode\sdk/vexv5\libv5rt.a(v5_apiuser.c.obj)
                0x03802784                vexAdiPortConfigSet
 .text.vexMotorVelocitySet
                0x038027ac       0x20 C:\Program Files (x86)\VEX Robotics\VEXcode\sdk/vexv5\libv5rt.a(v5_apiuser.c.obj)
                0x038027ac                vexMotorVelocitySet
 .text.vexMotorActualVelocityGet
                0x038027cc       0x24 C:\Program Files (x86)\VEX Robotics\VEXcode\sdk/vexv5\libv5rt.a(v5_apiuser.c.obj)
                0x038027cc                vexMotorActualVelocityGet
 .text.vexMotorZeroPositionFlagGet
                0x038027f0       0x18 C:\Program Files (x86)\VEX Robotics\VEXcode\sdk/vexv5\libv5rt.a(v5_apiuser.c.obj)
                0x038027f0                vexMotorZeroPositionFlagGet
 .text.vexMotorReverseFlagSet
                0x03802808       0x20 C:\Program Files (x86)\VEX Robotics\VEXcode\sdk/vexv5\libv5rt.a(v5_apiuser.c.obj)
                0x03802808                vexMotorReverseFlagSet
 .text.vexMotorEncoderUnitsSet
                0x03802828       0x20 C:\Program Files (x86)\VEX Robotics\VEXcode\sdk/vexv5\libv5rt.a(v5_apiuser.c.obj)
                0x03802828                vexMotorEncoderUnitsSet
 .text.vexMotorBrakeModeSet
                0x03802848       0x20 C:\Program Files (x86)\VEX Robotics\VEXcode\sdk/vexv5\libv5rt.a(v5_apiuser.c.obj)
                0x03802848                vexMotorBrakeModeSet
 .text.vexMotorPositionSet
                0x03802868       0x28 C:\Program Files (x86)\VEX Robotics\VEXcode\sdk/vexv5\libv5rt.a(v5_apiuser.c.obj)
                0x03802868                vexMotorPositionSet
 .text.vexMotorRelativeTargetSet
                0x03802890       0x30 C:\Program Files (x86)\VEX Robotics\VEXcode\sdk/vexv5\libv5rt.a(v5_apiuser.c.obj)
                0x03802890                vexMotorRelativeTargetSet
 .text.vexMotorGearingSet
                0x038028c0       0x20 C:\Program Files (x86)\VEX Robotics\VEXcode\sdk/vexv5\libv5rt.a(v5_apiuser.c.obj)
                0x038028c0                vexMotorGearingSet
 .text.vexMotorGearingGet
                0x038028e0       0x18 C:\Program Files (x86)\VEX Robotics\VEXcode\sdk/vexv5\libv5rt.a(v5_apiuser.c.obj)
                0x038028e0                vexMotorGearingGet
 .text.vexEventMaskSet
                0x038028f8       0x28 C:\Program Files (x86)\VEX Robotics\VEXcode\sdk/vexv5\libv5rt.a(v5_apiuser.c.obj)
                0x038028f8                vexEventMaskSet
 .text.vexEventMaskGet
                0x03802920       0x18 C:\Program Files (x86)\VEX Robotics\VEXcode\sdk/vexv5\libv5rt.a(v5_apiuser.c.obj)
                0x03802920                vexEventMaskGet
 .text._ZN3vex6device5valueEv
                0x03802938        0x8 C:\Program Files (x86)\VEX Robotics\VEXcode\sdk/vexv5\libv5rt.a(vex_device.cpp.obj)
                0x03802938                vex::device::value()
 .text._ZN3vex6deviceD2Ev
                0x03802940        0x4 C:\Program Files (x86)\VEX Robotics\VEXcode\sdk/vexv5\libv5rt.a(vex_device.cpp.obj)
                0x03802940                vex::device::~device()
                0x03802940                vex::device::~device()
 .text._ZN3vex6device4initEl
                0x03802944       0x30 C:\Program Files (x86)\VEX Robotics\VEXcode\sdk/vexv5\libv5rt.a(vex_device.cpp.obj)
                0x03802944                vex::device::init(long)
 .text._ZN3vex6deviceC2El
                0x03802974       0x20 C:\Program Files (x86)\VEX Robotics\VEXcode\sdk/vexv5\libv5rt.a(vex_device.cpp.obj)
                0x03802974                vex::device::device(long)
                0x03802974                vex::device::device(long)
 .text._ZN3vex6device4typeEv
                0x03802994       0x10 C:\Program Files (x86)\VEX Robotics\VEXcode\sdk/vexv5\libv5rt.a(vex_device.cpp.obj)
                0x03802994                vex::device::type()
 .text._ZN3vex6device9installedEv
                0x038029a4       0x14 C:\Program Files (x86)\VEX Robotics\VEXcode\sdk/vexv5\libv5rt.a(vex_device.cpp.obj)
                0x038029a4                vex::device::installed()
 .text._ZN3vex5event4initEmmPFvvE
                0x038029b8        0x4 C:\Program Files (x86)\VEX Robotics\VEXcode\sdk/vexv5\libv5rt.a(vex_event.cpp.obj)
                0x038029b8                vex::event::init(unsigned long, unsigned long, void (*)())
 .text._ZN3vex5event9userindexEv
                0x038029bc        0x4 C:\Program Files (x86)\VEX Robotics\VEXcode\sdk/vexv5\libv5rt.a(vex_event.cpp.obj)
                0x038029bc                vex::event::userindex()
 .text._ZZN3vex6meventC4EmmENUlvE_4_FUNEv
                0x038029c0        0x4 C:\Program Files (x86)\VEX Robotics\VEXcode\sdk/vexv5\libv5rt.a(vex_mevent.cpp.obj)
 .text._ZN3vex6meventC2Emm
                0x038029c4       0x70 C:\Program Files (x86)\VEX Robotics\VEXcode\sdk/vexv5\libv5rt.a(vex_mevent.cpp.obj)
                0x038029c4                vex::mevent::mevent(unsigned long, unsigned long)
                0x038029c4                vex::mevent::mevent(unsigned long, unsigned long)
 .text.__libc_fini_array
                0x03802a34       0x30 C:\Program Files (x86)\VEX Robotics\VEXcode\sdk/vexv5/gcc/libs\libc.a(lib_a-fini.o)
                0x03802a34                __libc_fini_array
 .text.__libc_init_array
                0x03802a64       0x58 C:\Program Files (x86)\VEX Robotics\VEXcode\sdk/vexv5/gcc/libs\libc.a(lib_a-init.o)
                0x03802a64                __libc_init_array
 *fill*         0x03802abc        0x4 
 .text.__libc_init_array.__stub
                0x03802ac0       0x18 linker stubs
 *(.gnu.linkonce.t.*)
 *(.plt)
 *(.gnu_warning)
 *(.gcc_except_table)
 *(.glue_7)
 .glue_7        0x00000000        0x0 linker stubs
 *(.glue_7t)
 .glue_7t       0x00000000        0x0 linker stubs
 *(.vfp11_veneer)
 .vfp11_veneer  0x00000000        0x0 linker stubs
 *(.ARM.extab)
 *(.gnu.linkonce.armextab.*)

.v4_bx          0x03802ad8        0x0
 .v4_bx         0x00000000        0x0 linker stubs

.iplt           0x03802ad8        0x0
 .iplt          0x00000000        0x0 build/src/main.o

.init
 *(.init)

.fini
 *(.fini)

.rodata         0x03802ad8       0xec
                0x03802ad8                __rodata_start = .
 *(.rodata)
 *(.rodata.*)
 .rodata.str1.1
                0x03802ad8       0x44 build/src/main.o
 .rodata.str1.1
                0x03802b1c       0x2e C:\Program Files (x86)\VEX Robotics\VEXcode\sdk/vexv5\libv5rt.a(v5_startup.c.obj)
 *fill*         0x03802b4a        0x2 
 .rodata._ZN3vex6PORT22E
                0x03802b4c        0x4 C:\Program Files (x86)\VEX Robotics\VEXcode\sdk/vexv5\libv5rt.a(vex_global.cpp.obj)
                0x03802b4c                vex::PORT22
 .rodata._ZN3vex5PORT4E
                0x03802b50        0x4 C:\Program Files (x86)\VEX Robotics\VEXcode\sdk/vexv5\libv5rt.a(vex_global.cpp.obj)
                0x03802b50                vex::PORT4
 .rodata._ZN3vex5PORT5E
                0x03802b54        0x4 C:\Program Files (x86)\VEX Robotics\VEXcode\sdk/vexv5\libv5rt.a(vex_global.cpp.obj)
                0x03802b54                vex::PORT5
 .rodata._ZN3vex5PORT7E
                0x03802b58        0x4 C:\Program Files (x86)\VEX Robotics\VEXcode\sdk/vexv5\libv5rt.a(vex_global.cpp.obj)
                0x03802b58                vex::PORT7
 .rodata._ZN3vex5PORT1E
                0x03802b5c        0x4 C:\Program Files (x86)\VEX Robotics\VEXcode\sdk/vexv5\libv5rt.a(vex_global.cpp.obj)
                0x03802b5c                vex::PORT1
 .rodata._ZN3vex5PORT9E
                0x03802b60        0x4 C:\Program Files (x86)\VEX Robotics\VEXcode\sdk/vexv5\libv5rt.a(vex_global.cpp.obj)
                0x03802b60                vex::PORT9
 .rodata._ZN3vex6PORT10E
                0x03802b64        0x4 C:\Program Files (x86)\VEX Robotics\VEXcode\sdk/vexv5\libv5rt.a(vex_global.cpp.obj)
                0x03802b64                vex::PORT10
 .rodata._ZN3vex5PORT3E
                0x03802b68        0x4 C:\Program Files (x86)\VEX Robotics\VEXcode\sdk/vexv5\libv5rt.a(vex_global.cpp.obj)
                0x03802b68                vex::PORT3
 *fill*         0x03802b6c        0x4 
 .rodata._ZTVN3vex5motorE
                0x03802b70       0x10 C:\Program Files (x86)\VEX Robotics\VEXcode\sdk/vexv5\libv5rt.a(vex_motor.cpp.obj)
                0x03802b70                vtable for vex::motor
 .rodata.str1.1
                0x03802b80       0x1a C:\Program Files (x86)\VEX Robotics\VEXcode\sdk/vexv5\libv5rt.a(vex_brain.cpp.obj)
 *fill*         0x03802b9a        0x6 
 .rodata._ZTVN3vex7triportE
                0x03802ba0       0x10 C:\Program Files (x86)\VEX Robotics\VEXcode\sdk/vexv5\libv5rt.a(vex_triport.cpp.obj)
                0x03802ba0                vtable for vex::triport
 .rodata._ZTVN3vex6deviceE
                0x03802bb0       0x10 C:\Program Files (x86)\VEX Robotics\VEXcode\sdk/vexv5\libv5rt.a(vex_device.cpp.obj)
                0x03802bb0                vtable for vex::device
 .rodata.str1.4
                0x03802bc0        0x4 C:\Program Files (x86)\VEX Robotics\VEXcode\sdk/vexv5/gcc/libs\libc.a(lib_a-impure.o)
                                  0x2 (size before relaxing)
 *(.gnu.linkonce.r.*)
                0x03802bc4                __rodata_end = .

.rodata1        0x03802bc4        0x0
                0x03802bc4                __rodata1_start = .
 *(.rodata1)
 *(.rodata1.*)
                0x03802bc4                __rodata1_end = .

.sdata2         0x03802bc4        0x0
                0x03802bc4                __sdata2_start = .
 *(.sdata2)
 *(.sdata2.*)
 *(.gnu.linkonce.s2.*)
                0x03802bc4                __sdata2_end = .

.sbss2          0x03802bc4        0x0
                0x03802bc4                __sbss2_start = .
 *(.sbss2)
 *(.sbss2.*)
 *(.gnu.linkonce.sb2.*)
                0x03802bc4                __sbss2_end = .

.data           0x03802bc8      0x43c
                0x03802bc8                __data_start = .
 *(.data)
 *(.data.*)
 .data.atnSel   0x03802bc8        0x4 build/src/main.o
                0x03802bc8                atnSel
 .data.appRunning
                0x03802bcc        0x4 C:\Program Files (x86)\VEX Robotics\VEXcode\sdk/vexv5\libv5rt.a(v5_startup.c.obj)
                0x03802bcc                appRunning
 .data.__yoff   0x03802bd0        0x4 C:\Program Files (x86)\VEX Robotics\VEXcode\sdk/vexv5\libv5rt.a(v5_apijump.c.obj)
 .data._ZN3vex9ratio18_1E
                0x03802bd4        0x4 C:\Program Files (x86)\VEX Robotics\VEXcode\sdk/vexv5\libv5rt.a(vex_global.cpp.obj)
                0x03802bd4                vex::ratio18_1
 .data.impure_data
                0x03802bd8      0x428 C:\Program Files (x86)\VEX Robotics\VEXcode\sdk/vexv5/gcc/libs\libc.a(lib_a-impure.o)
 .data._impure_ptr
                0x03803000        0x4 C:\Program Files (x86)\VEX Robotics\VEXcode\sdk/vexv5/gcc/libs\libc.a(lib_a-impure.o)
                0x03803000                _impure_ptr
 *(.gnu.linkonce.d.*)
 *(.jcr)
 *(.got)
 *(.got.plt)
                0x03803004                __data_end = .

.igot.plt       0x03803004        0x0
 .igot.plt      0x00000000        0x0 build/src/main.o

.data1          0x03803004        0x0
                0x03803004                __data1_start = .
 *(.data1)
 *(.data1.*)
                0x03803004                __data1_end = .

.got
 *(.got)

.ctors          0x03803004        0x0
                0x03803004                __CTOR_LIST__ = .
                0x03803004                ___CTORS_LIST___ = .
 *crtbegin.o(.ctors)
 *(EXCLUDE_FILE(*crtend.o) .ctors)
 *(SORT(.ctors.*))
 *(.ctors)
                0x03803004                __CTOR_END__ = .
                0x03803004                ___CTORS_END___ = .

.dtors          0x03803004        0x0
                0x03803004                __DTOR_LIST__ = .
                0x03803004                ___DTORS_LIST___ = .
 *crtbegin.o(.dtors)
 *(EXCLUDE_FILE(*crtend.o) .dtors)
 *(SORT(.dtors.*))
 *(.dtors)
                0x03803004                __DTOR_END__ = .
                0x03803004                ___DTORS_END___ = .

.fixup          0x03803004        0x0
                0x03803004                __fixup_start = .
 *(.fixup)
                0x03803004                __fixup_end = .

.eh_frame
 *(.eh_frame)

.eh_framehdr    0x03803004        0x0
                0x03803004                __eh_framehdr_start = .
 *(.eh_framehdr)
                0x03803004                __eh_framehdr_end = .

.gcc_except_table
 *(.gcc_except_table)

.mmu_tbl        0x03804000        0x0
                0x03804000                __mmu_tbl_start = .
 *(.mmu_tbl)
                0x03804000                __mmu_tbl_end = .

.ARM.exidx      0x03803004        0x8
                0x03803004                __exidx_start = .
 *(.ARM.exidx*)
 .ARM.exidx.text._Z10turningDegd
                0x03803004        0x8 build/src/main.o
 .ARM.exidx.text._Z9moveForCMdi
                0x0380300c        0x0 build/src/main.o
                                  0x8 (size before relaxing)
 .ARM.exidx.text._Z18OhNoStopEverythingv
                0x0380300c        0x0 build/src/main.o
                                  0x8 (size before relaxing)
 .ARM.exidx.text._Z9draw_gridv
                0x0380300c        0x0 build/src/main.o
                                  0x8 (size before relaxing)
 .ARM.exidx.text._Z10draw_touchv
                0x0380300c        0x0 build/src/main.o
                                  0x8 (size before relaxing)
 .ARM.exidx.text._Z10autonomousv
                0x0380300c        0x0 build/src/main.o
                                  0x8 (size before relaxing)
 .ARM.exidx.text._Z9pre_autonv
                0x0380300c        0x0 build/src/main.o
                                  0x8 (size before relaxing)
 .ARM.exidx.text.main
                0x0380300c        0x0 build/src/main.o
                                  0x8 (size before relaxing)
 .ARM.exidx.text._GLOBAL__sub_I_main.cpp
                0x0380300c        0x0 build/src/main.o
                                  0x8 (size before relaxing)
 *(.gnu.linkonce.armexidix.*.*)
                0x0380300c                __exidx_end = .

.rel.dyn        0x0380300c        0x0
 .rel.iplt      0x00000000        0x0 build/src/main.o

.preinit_array  0x0380300c        0x0
                0x0380300c                __preinit_array_start = .
 *(SORT(.preinit_array.*))
 *(.preinit_array)
                0x0380300c                __preinit_array_end = .

.init_array     0x0380300c       0x10
                0x0380300c                __init_array_start = .
 *(SORT(.init_array.*))
 *(.init_array)
 .init_array    0x0380300c        0x4 build/src/main.o
 .init_array    0x03803010        0x4 C:\Program Files (x86)\VEX Robotics\VEXcode\sdk/vexv5\libv5rt.a(vex_motor.cpp.obj)
 .init_array    0x03803014        0x4 C:\Program Files (x86)\VEX Robotics\VEXcode\sdk/vexv5\libv5rt.a(vex_triport.cpp.obj)
 .init_array    0x03803018        0x4 C:\Program Files (x86)\VEX Robotics\VEXcode\sdk/vexv5\libv5rt.a(vex_color.cpp.obj)
                0x0380301c                __init_array_end = .

.fini_array     0x0380301c        0x0
                0x0380301c                __fini_array_start = .
 *(SORT(.fini_array.*))
 *(.fini_array)
                0x0380301c                __fini_array_end = .

.ARM.attributes
                0x0380301c       0x3c
                0x0380301c                __ARM.attributes_start = .
 *(.ARM.attributes)
 .ARM.attributes
                0x0380301c       0x3a build/src/main.o
 .ARM.attributes
                0x03803056       0x35 C:\Program Files (x86)\VEX Robotics\VEXcode\sdk/vexv5\libv5rt.a(v5_startup.c.obj)
 .ARM.attributes
                0x0380308b       0x35 C:\Program Files (x86)\VEX Robotics\VEXcode\sdk/vexv5\libv5rt.a(v5_util.c.obj)
 .ARM.attributes
                0x038030c0       0x35 C:\Program Files (x86)\VEX Robotics\VEXcode\sdk/vexv5\libv5rt.a(v5_apijump.c.obj)
 .ARM.attributes
                0x038030f5       0x35 C:\Program Files (x86)\VEX Robotics\VEXcode\sdk/vexv5\libv5rt.a(v5_apiversions.c.obj)
 .ARM.attributes
                0x0380312a       0x35 C:\Program Files (x86)\VEX Robotics\VEXcode\sdk/vexv5\libv5rt.a(vex_global.cpp.obj)
 .ARM.attributes
                0x0380315f       0x35 C:\Program Files (x86)\VEX Robotics\VEXcode\sdk/vexv5\libv5rt.a(vex_motor.cpp.obj)
 .ARM.attributes
                0x03803194       0x35 C:\Program Files (x86)\VEX Robotics\VEXcode\sdk/vexv5\libv5rt.a(vex_task.cpp.obj)
 .ARM.attributes
                0x038031c9       0x35 C:\Program Files (x86)\VEX Robotics\VEXcode\sdk/vexv5\libv5rt.a(vex_brain.cpp.obj)
 .ARM.attributes
                0x038031fe       0x35 C:\Program Files (x86)\VEX Robotics\VEXcode\sdk/vexv5\libv5rt.a(vex_triport.cpp.obj)
 .ARM.attributes
                0x03803233       0x35 C:\Program Files (x86)\VEX Robotics\VEXcode\sdk/vexv5\libv5rt.a(vex_color.cpp.obj)
 .ARM.attributes
                0x03803268       0x35 C:\Program Files (x86)\VEX Robotics\VEXcode\sdk/vexv5\libv5rt.a(vex_timer.cpp.obj)
 .ARM.attributes
                0x0380329d       0x35 C:\Program Files (x86)\VEX Robotics\VEXcode\sdk/vexv5\libv5rt.a(v5_apiuser.c.obj)
 .ARM.attributes
                0x038032d2       0x35 C:\Program Files (x86)\VEX Robotics\VEXcode\sdk/vexv5\libv5rt.a(vex_device.cpp.obj)
 .ARM.attributes
                0x03803307       0x35 C:\Program Files (x86)\VEX Robotics\VEXcode\sdk/vexv5\libv5rt.a(vex_event.cpp.obj)
 .ARM.attributes
                0x0380333c       0x35 C:\Program Files (x86)\VEX Robotics\VEXcode\sdk/vexv5\libv5rt.a(vex_mevent.cpp.obj)
 .ARM.attributes
                0x03803371       0x2b C:\Program Files (x86)\VEX Robotics\VEXcode\sdk/vexv5/gcc/libs\libc.a(lib_a-fini.o)
 .ARM.attributes
                0x0380339c       0x2b C:\Program Files (x86)\VEX Robotics\VEXcode\sdk/vexv5/gcc/libs\libc.a(lib_a-impure.o)
 .ARM.attributes
                0x038033c7       0x2b C:\Program Files (x86)\VEX Robotics\VEXcode\sdk/vexv5/gcc/libs\libc.a(lib_a-init.o)
                0x038033f2                __ARM.attributes_end = .

.sdata          0x0380301c        0x0
                0x0380301c                __sdata_start = .
 *(.sdata)
 *(.sdata.*)
 *(.gnu.linkonce.s.*)
                0x0380301c                __sdata_end = .

.sbss           0x0380301c        0x0
                0x0380301c                __sbss_start = .
 *(.sbss)
 *(.sbss.*)
 *(.gnu.linkonce.sb.*)
                0x0380301c                __sbss_end = .

.tdata          0x0380301c        0x0
                0x0380301c                __tdata_start = .
 *(.tdata)
 *(.tdata.*)
 *(.gnu.linkonce.td.*)
                0x0380301c                __tdata_end = .

.tbss           0x0380301c        0x0
                0x0380301c                __tbss_start = .
 *(.tbss)
 *(.tbss.*)
 *(.gnu.linkonce.tb.*)
                0x0380301c                __tbss_end = .

.bss            0x03803020      0x468
                0x03803020                __bss_start = .
 *(.bss)
 *(.bss.*)
 .bss.Brain     0x03803020      0x2e0 build/src/main.o
                0x03803020                Brain
 .bss.Angler    0x03803300       0x28 build/src/main.o
                0x03803300                Angler
 .bss.LeftB     0x03803328       0x28 build/src/main.o
                0x03803328                LeftB
 .bss.Intk1     0x03803350       0x28 build/src/main.o
                0x03803350                Intk1
 .bss.Intk2     0x03803378       0x28 build/src/main.o
                0x03803378                Intk2
 .bss.RightB    0x038033a0       0x28 build/src/main.o
                0x038033a0                RightB
 .bss.Arm2      0x038033c8       0x28 build/src/main.o
                0x038033c8                Arm2
 .bss.Arm       0x038033f0       0x28 build/src/main.o
                0x038033f0                Arm
 .bss.__dso_handle
                0x03803418        0x4 C:\Program Files (x86)\VEX Robotics\VEXcode\sdk/vexv5\libv5rt.a(v5_startup.c.obj)
                0x03803418                __dso_handle
 .bss._ZStL8__ioinit
                0x0380341c        0x1 C:\Program Files (x86)\VEX Robotics\VEXcode\sdk/vexv5\libv5rt.a(vex_motor.cpp.obj)
 .bss._ZStL8__ioinit
                0x0380341d        0x1 C:\Program Files (x86)\VEX Robotics\VEXcode\sdk/vexv5\libv5rt.a(vex_triport.cpp.obj)
 *fill*         0x0380341e        0x2 
 .bss._ZN3vex5color6orangeE
                0x03803420        0x8 C:\Program Files (x86)\VEX Robotics\VEXcode\sdk/vexv5\libv5rt.a(vex_color.cpp.obj)
                0x03803420                vex::color::orange
 .bss._ZN3vex5color5blackE
                0x03803428        0x8 C:\Program Files (x86)\VEX Robotics\VEXcode\sdk/vexv5\libv5rt.a(vex_color.cpp.obj)
                0x03803428                vex::color::black
 .bss._ZN3vex5color6yellowE
                0x03803430        0x8 C:\Program Files (x86)\VEX Robotics\VEXcode\sdk/vexv5\libv5rt.a(vex_color.cpp.obj)
                0x03803430                vex::color::yellow
 .bss._ZN3vex5color5greenE
                0x03803438        0x8 C:\Program Files (x86)\VEX Robotics\VEXcode\sdk/vexv5\libv5rt.a(vex_color.cpp.obj)
                0x03803438                vex::color::green
 .bss._ZN3vex5color6purpleE
                0x03803440        0x8 C:\Program Files (x86)\VEX Robotics\VEXcode\sdk/vexv5\libv5rt.a(vex_color.cpp.obj)
                0x03803440                vex::color::purple
 .bss._ZN3vex5color4cyanE
                0x03803448        0x8 C:\Program Files (x86)\VEX Robotics\VEXcode\sdk/vexv5\libv5rt.a(vex_color.cpp.obj)
                0x03803448                vex::color::cyan
 .bss._ZN3vex5color4blueE
                0x03803450        0x8 C:\Program Files (x86)\VEX Robotics\VEXcode\sdk/vexv5\libv5rt.a(vex_color.cpp.obj)
                0x03803450                vex::color::blue
 .bss._ZN3vex5color3redE
                0x03803458        0x8 C:\Program Files (x86)\VEX Robotics\VEXcode\sdk/vexv5\libv5rt.a(vex_color.cpp.obj)
                0x03803458                vex::color::red
 .bss._ZN3vex5color11transparentE
                0x03803460        0x8 C:\Program Files (x86)\VEX Robotics\VEXcode\sdk/vexv5\libv5rt.a(vex_color.cpp.obj)
                0x03803460                vex::color::transparent
 .bss._ZN3vex5color5whiteE
                0x03803468        0x8 C:\Program Files (x86)\VEX Robotics\VEXcode\sdk/vexv5\libv5rt.a(vex_color.cpp.obj)
                0x03803468                vex::color::white
 *(.gnu.linkonce.b.*)
 *(COMMON)
 COMMON         0x03803470       0x18 C:\Program Files (x86)\VEX Robotics\VEXcode\sdk/vexv5\libv5rt.a(v5_startup.c.obj)
                0x03803474                __vex_critical_section
                0x03803488                __bss_end = .
                0x0380301c                _SDA_BASE_ = (__sdata_start + ((__sbss_end - __sdata_start) / 0x2))
                0x03802bc4                _SDA2_BASE_ = (__sdata2_start + ((__sbss2_end - __sdata2_start) / 0x2))

.heap           0x03803488   0x100008
                0x03803490                . = ALIGN (0x10)
 *fill*         0x03803488        0x8 
                0x03803490                _heap = .
                0x03803490                HeapBase = .
                0x03803490                _heap_start = .
                0x03903490                . = (. + _HEAP_SIZE)
 *fill*         0x03803490   0x100000 
                0x03903490                _heap_end = .
                0x03903490                HeapLimit = .

.stack          0x03903490     0x3800
                0x03903490                . = ALIGN (0x10)
                0x03903490                _stack_end = .
                0x03905490                . = (. + _STACK_SIZE)
 *fill*         0x03903490     0x2000 
                0x03905490                . = ALIGN (0x10)
                0x03905490                _stack = .
                0x03905490                __stack = _stack
                0x03905490                . = ALIGN (0x10)
                0x03905490                _irq_stack_end = .
                0x03905890                . = (. + _IRQ_STACK_SIZE)
 *fill*         0x03905490      0x400 
                0x03905890                . = ALIGN (0x10)
                0x03905890                __irq_stack = .
                0x03905890                _supervisor_stack_end = .
                0x03906090                . = (. + _SUPERVISOR_STACK_SIZE)
 *fill*         0x03905890      0x800 
                0x03906090                . = ALIGN (0x10)
                0x03906090                __supervisor_stack = .
                0x03906090                _abort_stack_end = .
                0x03906490                . = (. + _ABORT_STACK_SIZE)
 *fill*         0x03906090      0x400 
                0x03906490                . = ALIGN (0x10)
                0x03906490                __abort_stack = .
                0x03906490                _fiq_stack_end = .
                0x03906890                . = (. + _FIQ_STACK_SIZE)
 *fill*         0x03906490      0x400 
                0x03906890                . = ALIGN (0x10)
                0x03906890                __fiq_stack = .
                0x03906890                _undef_stack_end = .
                0x03906c90                . = (. + _UNDEF_STACK_SIZE)
 *fill*         0x03906890      0x400 
                0x03906c90                . = ALIGN (0x10)
                0x03906c90                __undef_stack = .
                0x03906c90                _end = .
LOAD C:\Program Files (x86)\VEX Robotics\VEXcode\sdk/vexv5/stdlib_0.lib
LOAD build/src/main.o
START GROUP
LOAD C:\Program Files (x86)\VEX Robotics\VEXcode\sdk/vexv5\libv5rt.a
LOAD C:\Program Files (x86)\VEX Robotics\VEXcode\sdk/vexv5/gcc/libs\libstdc++.a
LOAD C:\Program Files (x86)\VEX Robotics\VEXcode\sdk/vexv5/gcc/libs\libc.a
LOAD C:\Program Files (x86)\VEX Robotics\VEXcode\sdk/vexv5/gcc/libs\libm.a
LOAD C:\Program Files (x86)\VEX Robotics\VEXcode\sdk/vexv5/gcc/libs\libgcc.a
END GROUP
OUTPUT(build/Auton_Test.elf elf32-littlearm)

.comment        0x00000000       0x9d
 .comment       0x00000000       0x2d build/src/main.o
                                 0x2e (size before relaxing)
 .comment       0x0000002d       0x70 C:\Program Files (x86)\VEX Robotics\VEXcode\sdk/vexv5\libv5rt.a(v5_startup.c.obj)
                                 0x71 (size before relaxing)
 .comment       0x00000000       0x71 C:\Program Files (x86)\VEX Robotics\VEXcode\sdk/vexv5\libv5rt.a(v5_util.c.obj)
 .comment       0x00000000       0x71 C:\Program Files (x86)\VEX Robotics\VEXcode\sdk/vexv5\libv5rt.a(v5_apijump.c.obj)
 .comment       0x00000000       0x71 C:\Program Files (x86)\VEX Robotics\VEXcode\sdk/vexv5\libv5rt.a(v5_apiversions.c.obj)
 .comment       0x00000000       0x71 C:\Program Files (x86)\VEX Robotics\VEXcode\sdk/vexv5\libv5rt.a(vex_global.cpp.obj)
 .comment       0x00000000       0x71 C:\Program Files (x86)\VEX Robotics\VEXcode\sdk/vexv5\libv5rt.a(vex_motor.cpp.obj)
 .comment       0x00000000       0x71 C:\Program Files (x86)\VEX Robotics\VEXcode\sdk/vexv5\libv5rt.a(vex_task.cpp.obj)
 .comment       0x00000000       0x71 C:\Program Files (x86)\VEX Robotics\VEXcode\sdk/vexv5\libv5rt.a(vex_brain.cpp.obj)
 .comment       0x00000000       0x71 C:\Program Files (x86)\VEX Robotics\VEXcode\sdk/vexv5\libv5rt.a(vex_triport.cpp.obj)
 .comment       0x00000000       0x71 C:\Program Files (x86)\VEX Robotics\VEXcode\sdk/vexv5\libv5rt.a(vex_color.cpp.obj)
 .comment       0x00000000       0x71 C:\Program Files (x86)\VEX Robotics\VEXcode\sdk/vexv5\libv5rt.a(vex_timer.cpp.obj)
 .comment       0x00000000       0x71 C:\Program Files (x86)\VEX Robotics\VEXcode\sdk/vexv5\libv5rt.a(v5_apiuser.c.obj)
 .comment       0x00000000       0x71 C:\Program Files (x86)\VEX Robotics\VEXcode\sdk/vexv5\libv5rt.a(vex_device.cpp.obj)
 .comment       0x00000000       0x71 C:\Program Files (x86)\VEX Robotics\VEXcode\sdk/vexv5\libv5rt.a(vex_event.cpp.obj)
 .comment       0x00000000       0x71 C:\Program Files (x86)\VEX Robotics\VEXcode\sdk/vexv5\libv5rt.a(vex_mevent.cpp.obj)

.note.GNU-stack
                0x00000000        0x0
 .note.GNU-stack
                0x00000000        0x0 build/src/main.o

.debug_frame    0x00000000       0x60
 .debug_frame   0x00000000       0x34 C:\Program Files (x86)\VEX Robotics\VEXcode\sdk/vexv5/gcc/libs\libc.a(lib_a-fini.o)
 .debug_frame   0x00000034       0x2c C:\Program Files (x86)\VEX Robotics\VEXcode\sdk/vexv5/gcc/libs\libc.a(lib_a-init.o)
